
               I S S A     D i c t i o n a r y     R e p o r t


                  IIIIIIIIII     SSSSSSS       SSSSSSS            A
                 IIIIIIIIII    SSSSSSSSSS    SSSSSSSSSS          AA
                   IIII       SSSS          SSSS               AAAA
                  IIII       SSSS          SSSS              AAAAAA
                 IIII       SSSS          SSSS             AAA  AAA
                IIII       SSSSSSSS      SSSSSSSS         AAA  AAA 
               IIII         SSSSSSSS      SSSSSSSS      AAA    AAA 
              IIII             SSSS          SSSS      AAAAAAAAAA  
             IIII             SSSS          SSSS     AAAAAAAAAAAA  
            IIII             SSSS          SSSS     AAA      AAA   
        IIIIIIIIII    SSSSSSSSSS    SSSSSSSSSS    AAAA      AAAA   
       IIIIIIIIII      SSSSSSS       SSSSSSS     AAAA      AAAA    

  I n t e g r a t e d   S y s t e m   f o r    S u r v e y   A n a l y s i s

--------------------------------------------------------------------------------

Dictionary Name   : GHPR31   (file 'GHPR31.DIC', 19424 bytes)

Dictionary Label  : Standard Recode            1.0

Owner             : DHS II                        

Country           : Ghana                         

Creation Date     : Aug 7, 3    

Last Update       : Aug 7, 3          * 1 hierarchical level

* Main index: not defined

* No secondary indexes defined

* Index summary: no index key lengths measured

* Estimated case-data-area size: 221 bytes (2 sections, 109 variables)

Report date & time: 08-07-2003 at 14:44:43 hrs.

                             SECTION DESCRIPTION                       
                                                                      08-07-2003
                                                                        14:44:43
--------------------------------------------------------------------------------
Section     Length      Occurs   ---  Group  ---  
 name   Loc.     Class  Min Max    Max Loc Len    Section Label
--------------------------------------------------------------------------------

SEC1       1  145  S     0   1   -without group-  

SEC2     146   76  S     0   1   -without group-  


                             VARIABLE  DESCRIPTION                     
Section   : SEC1                                                      08-07-2003
                                                                        14:44:43
--------------------------------------------------------------------------------
Variable  Loca  Len   Deci  For   Class  Variable Label
Name      tion  gth   mals  mat          Value   Label
--------------------------------------------------------------------------------

HHID         1   12    0     A      S    Case Identification           

HV000       13    3    0     A      S    Country code and phase        

HV001       16    8    0     N      S    Cluster number                

HV002       24    4    0     N      S    Household number              

HV003       28    3    0     N      S    Respondent's line number      
                                         values:   value  label
                                                   BLANK  Not applicable value

HV004       31    4    0     N      S    Ultimate area unit            

HV005       35    8    0     N      S    Sample weight                 

HV006       43    2    0     N      S    Month of interview            
                                         ranges:   lower   upper
                                                       1      12

HV007       45    2    0     N      S    Year of interview             
                                         ranges:   lower   upper
                                                      90      94

HV008       47    4    0     N      S    Date of interview (CMC)       

HV009       51    2    0     N      S    Number of household members   
                                         ranges:   lower   upper
                                                       0      90

HV010       53    2    0     N      S    Number of eligible women in HH
                                         ranges:   lower   upper
                                                       0      20

HV011       55    2    0     N      S    Number of eligible men in HH  
                                         ranges:   lower   upper
                                                       0      20

HV012       57    2    0     N      S    Number of de jure members     
                                         ranges:   lower   upper
                                                       0      90

HV013       59    2    0     N      S    Number of de facto members    
                                         ranges:   lower   upper
                                                       0      90

HV014       61    2    0     N      S    Number of children 5 and under
                                         ranges:   lower   upper
                                                       0      20


                             VARIABLE  DESCRIPTION                     
Section   : SEC1                                                      08-07-2003
                                                                        14:44:43
--------------------------------------------------------------------------------
Variable  Loca  Len   Deci  For   Class  Variable Label
Name      tion  gth   mals  mat          Value   Label
--------------------------------------------------------------------------------

HV015       63    1    0     N      S    Result of household interview 
                                         values:   value  label
                                                       1  Completed                                                   
                                                       2  HH present, no resp                                         
                                                       3  HH absent                                                   
                                                       4  Postponed                                                   
                                                       5  Refused                                                     
                                                       6  Dwelling vacant                                             
                                                       7  Dwelling destroyed                                          
                                                       8  Dwelling not found                                          
                                                       9  Other                                                       
                                         ranges:   lower   upper
                                                       1       9

HV016       64    2    0     N      S    Day of interview              
                                         ranges:   lower   upper
                                                       1      31

HV017       66    1    0     N      S    Number of visits              
                                         ranges:   lower   upper
                                                       1       5

HV018       67    3    0     N      S    Interviewer identification    
                                         values:   value  label
                                                     999  Missing value

HV019       70    2    0     N      S    Keyer identification          
                                         values:   value  label
                                                      99  Missing value

HV020       72    1    0     N      S    Ever-married sample           
                                         values:   value  label
                                                       0  All woman sample                                            
                                                       1  Ever married sample                                         
                                         ranges:   lower   upper
                                                       0       1

HV021       73    4    0     N      S    Primary sampling unit         

HV022       77    4    0     N      S    Sample stratum number         

HV023       81    2    0     N      S    Sample domain                 
                                         values:   value  label
                                                       0  National                                                    
                                                       1  Country specific                                            


                             VARIABLE  DESCRIPTION                     
Section   : SEC1                                                      08-07-2003
                                                                        14:44:43
--------------------------------------------------------------------------------
Variable  Loca  Len   Deci  For   Class  Variable Label
Name      tion  gth   mals  mat          Value   Label
--------------------------------------------------------------------------------

HV024       83    2    0     N      S    Region                        
                                         values:   value  label
                                                       1  Western                                                     
                                                       2  Central                                                     
                                                       3  Greater Accra                                               
                                                       4  Volta                                                       
                                                       5  Eastern                                                     
                                                       6  Ashanti                                                     
                                                       7  Brong-Ahafo                                                 
                                                       8  Northern                                                    
                                                       9  Upper West                                                  
                                                      10  Upper East                                                  
                                         ranges:   lower   upper
                                                       1      10

HV025       85    1    0     N      S    Type of place of residence    
                                         values:   value  label
                                                       1  Urban                                                       
                                                       2  Rural                                                       
                                         ranges:   lower   upper
                                                       1       2

HV026       86    1    0     N      S    Place of residence            
                                         values:   value  label
                                                       1  City                                                        
                                                       2  Town                                                        
                                                       3  Countryside                                                 
                                                       9  Missing value
                                         ranges:   lower   upper
                                                       1       3

HV027       87    1    0     N      S    Selection for male/husb. int. 
                                         values:   value  label
                                                       0  Not selected                                                
                                                       1  Men's survey                                                
                                                       2  Husband's survey                                            
                                         ranges:   lower   upper
                                                       0       2

HV028       88    8    0     N      S    Sample weight for male subsamp


                             VARIABLE  DESCRIPTION                     
Section   : SEC1                                                      08-07-2003
                                                                        14:44:43
--------------------------------------------------------------------------------
Variable  Loca  Len   Deci  For   Class  Variable Label
Name      tion  gth   mals  mat          Value   Label
--------------------------------------------------------------------------------

HV201       96    2    0     N      S    Source of drinking water      
                                         values:   value  label
                                                      10  PIPED WATER                                                 
                                                      11  Piped into residence                                        
                                                      12  Public tap                                                  
                                                      20  WELL WATER                                                  
                                                      21  Well in residence                                           
                                                      22  Public well                                                 
                                                      23  Borehole                                                    
                                                      30  SURFACE WATER                                               
                                                      31  Spring                                                      
                                                      32  River,stream                                                
                                                      33  Pond,lake                                                   
                                                      34  Dam                                                         
                                                      35  Dugout                                                      
                                                      41  Rainwater                                                   
                                                      51  Tanker truck                                                
                                                      61  Bottled water                                               
                                                      71  Other                                                       
                                                      99  Missing value
                                                   BLANK  Not applicable value
                                         ranges:   lower   upper
                                                      10      71

HV202       98    2    0     N      S    Source of non-drinking water  
                                         values:   value  label
                                                      10  PIPED WATER                                                 
                                                      11  Piped into residence                                        
                                                      12  Public tap                                                  
                                                      20  WELL WATER                                                  
                                                      21  Well in residence                                           
                                                      22  Public well                                                 
                                                      23  Borehole                                                    
                                                      30  SURFACE WATER                                               
                                                      31  Spring                                                      
                                                      32  River,stream                                                
                                                      33  Pond,lake                                                   
                                                      34  Dam                                                         
                                                      35  Dugout                                                      
                                                      41  Rainwater                                                   
                                                      51  Tanker truck                                                
                                                      61  Bottled water                                               
                                                      71  Other                                                       
                                                      99  Missing value
                                                   BLANK  Not applicable value
                                         ranges:   lower   upper
                                                      10      71


                             VARIABLE  DESCRIPTION                     
Section   : SEC1                                                      08-07-2003
                                                                        14:44:43
--------------------------------------------------------------------------------
Variable  Loca  Len   Deci  For   Class  Variable Label
Name      tion  gth   mals  mat          Value   Label
--------------------------------------------------------------------------------

HV203      100    1    0     N      S    Same source of water          
                                         values:   value  label
                                                       0  No                                                          
                                                       1  Yes                                                         
                                                       9  Missing value
                                         ranges:   lower   upper
                                                       0       1

HV204      101    3    0     N      S    Time to get to water source   
                                         values:   value  label
                                                     996  On premises                                                 
                                                     999  Missing value
                                                   BLANK  Not applicable value

HV205      104    2    0     N      S    Type of toilet facility       
                                         values:   value  label
                                                      10  FLUSH TOILET                                                
                                                      11  Own flush toilet                                            
                                                      12  Shared flush toilet                                         
                                                      20  PIT TOILET LATRINE                                          
                                                      21  Trad. pit toilet                                            
                                                      22  Vent.imp.pit latrine                                        
                                                      30  NO FACILITY                                                 
                                                      31  No facility,bush                                            
                                                      40  OTHER                                                       
                                                      42  Bucket, pan                                                 
                                                      99  Missing value
                                                   BLANK  Not applicable value
                                         ranges:   lower   upper
                                                      10      42

HV206      106    1    0     N      S    Has electricity               
                                         values:   value  label
                                                       0  No                                                          
                                                       1  Yes                                                         
                                                       9  Missing value
                                                   BLANK  Not applicable value
                                         ranges:   lower   upper
                                                       0       1

HV207      107    1    0     N      S    Has radio                     
                                         values:   value  label
                                                       0  No                                                          
                                                       1  Yes                                                         
                                                       9  Missing value
                                                   BLANK  Not applicable value
                                         ranges:   lower   upper
                                                       0       1


                             VARIABLE  DESCRIPTION                     
Section   : SEC1                                                      08-07-2003
                                                                        14:44:43
--------------------------------------------------------------------------------
Variable  Loca  Len   Deci  For   Class  Variable Label
Name      tion  gth   mals  mat          Value   Label
--------------------------------------------------------------------------------

HV208      108    1    0     N      S    Has television                
                                         values:   value  label
                                                       0  No                                                          
                                                       1  Yes                                                         
                                                       9  Missing value
                                                   BLANK  Not applicable value
                                         ranges:   lower   upper
                                                       0       1

HV209      109    1    0     N      S    Has refrigerator              
                                         values:   value  label
                                                       0  No                                                          
                                                       1  Yes                                                         
                                                       9  Missing value
                                                   BLANK  Not applicable value
                                         ranges:   lower   upper
                                                       0       1

HV210      110    1    0     N      S    Has bicycle                   
                                         values:   value  label
                                                       0  No                                                          
                                                       1  Yes                                                         
                                                       9  Missing value
                                                   BLANK  Not applicable value
                                         ranges:   lower   upper
                                                       0       1

HV211      111    1    0     N      S    Has motorcycle                
                                         values:   value  label
                                                       0  No                                                          
                                                       1  Yes                                                         
                                                       9  Missing value
                                                   BLANK  Not applicable value
                                         ranges:   lower   upper
                                                       0       1

HV212      112    1    0     N      S    Has car                       
                                         values:   value  label
                                                       0  No                                                          
                                                       1  Yes                                                         
                                                       9  Missing value
                                                   BLANK  Not applicable value
                                         ranges:   lower   upper
                                                       0       1


                             VARIABLE  DESCRIPTION                     
Section   : SEC1                                                      08-07-2003
                                                                        14:44:43
--------------------------------------------------------------------------------
Variable  Loca  Len   Deci  For   Class  Variable Label
Name      tion  gth   mals  mat          Value   Label
--------------------------------------------------------------------------------

HV213      113    2    0     N      S    Main floor material           
                                         values:   value  label
                                                      10  NATURAL                                                     
                                                      11  Earth, sand                                                 
                                                      12  Dung                                                        
                                                      20  RUDIMENTARY                                                 
                                                      21  Wood planks                                                 
                                                      22  Palm, bamboo                                                
                                                      30  FINISHED                                                    
                                                      31  Parquet,polished wd                                         
                                                      32  Vinyl,asphalt strips                                        
                                                      33  Ceramic tiles                                               
                                                      34  Cement                                                      
                                                      35  Carpet                                                      
                                                      36  Terrazo                                                     
                                                      40  OTHER                                                       
                                                      41  Other                                                       
                                                      98  DK                                                          
                                                      99  Missing value
                                                   BLANK  Not applicable value
                                         ranges:   lower   upper
                                                      10      41
                                                      98      98

HV214      115    2    0     N      S    Main wall material        - NA
                                         values:   value  label
                                                   BLANK  Not applicable value
                                         ranges:   lower   upper
                                                      10      41

HV215      117    2    0     N      S    Main roof material        - NA
                                         values:   value  label
                                                   BLANK  Not applicable value
                                         ranges:   lower   upper
                                                      10      41

HV216      119    2    0     N      S    Rooms for sleeping            
                                         values:   value  label
                                                      99  Missing value

HV217      121    1    0     N      S    Relationship structure        
                                         values:   value  label
                                                       0  No adults                                                   
                                                       1  One adult                                                   
                                                       2  Two adults, opp. sex                                        
                                                       3  Two adults, same sex                                        
                                                       4  Three+ related adult                                        
                                                       5  Unrelated adults                                            
                                         ranges:   lower   upper
                                                       0       5


                             VARIABLE  DESCRIPTION                     
Section   : SEC1                                                      08-07-2003
                                                                        14:44:43
--------------------------------------------------------------------------------
Variable  Loca  Len   Deci  For   Class  Variable Label
Name      tion  gth   mals  mat          Value   Label
--------------------------------------------------------------------------------

HV218      122    2    0     N      S    Line number of head of househ.
                                         ranges:   lower   upper
                                                       1      90

HV219      124    1    0     N      S    Sex of head of household      
                                         values:   value  label
                                                       1  Male                                                        
                                                       2  Female                                                      
                                                       9  Missing value
                                         ranges:   lower   upper
                                                       1       2

HV220      125    2    0     N      S    Age of head of household      
                                         values:   value  label
                                                      96  96+                                                         
                                                      98  DK                                                          
                                                      99  Missing value
                                         ranges:   lower   upper
                                                       0      96
                                                      98      98

SHSTRUCT   127    3    0     N      S    Household level structure no. 
                                         ranges:   lower   upper
                                                       1     500

SHFEDIT    130    2    0     N      S    Field editor number           
                                         values:   value  label
                                                   BLANK  Not applicable value
                                         ranges:   lower   upper
                                                       1      90

SHWMEN     132    8    0     N      S    Household weight (6 decimals) 

SH50       140    3    0     N      S    Time to water and back        
                                         values:   value  label
                                                     996  On premises                                                 
                                                     999  Missing value
                                                   BLANK  Not applicable value
                                         ranges:   lower   upper
                                                       1     900
                                                     996     996

SH52E      143    1    0     N      S    Video                         
                                         values:   value  label
                                                       0  No                                                          
                                                       1  Yes                                                         
                                                       9  Missing value
                                                   BLANK  Not applicable value
                                         ranges:   lower   upper
                                                       0       1


                             VARIABLE  DESCRIPTION                     
Section   : SEC1                                                      08-07-2003
                                                                        14:44:43
--------------------------------------------------------------------------------
Variable  Loca  Len   Deci  For   Class  Variable Label
Name      tion  gth   mals  mat          Value   Label
--------------------------------------------------------------------------------

SH55D      144    1    0     N      S    Tractor                       
                                         values:   value  label
                                                       0  No                                                          
                                                       1  Yes                                                         
                                                       9  Missing value
                                                   BLANK  Not applicable value
                                         ranges:   lower   upper
                                                       0       1

SH55E      145    1    0     N      S    Horse/cart                    
                                         values:   value  label
                                                       0  No                                                          
                                                       1  Yes                                                         
                                                       9  Missing value
                                                   BLANK  Not applicable value
                                         ranges:   lower   upper
                                                       0       1


                             VARIABLE  DESCRIPTION                     
Section   : SEC2                                                      08-07-2003
                                                                        14:44:43
--------------------------------------------------------------------------------
Variable  Loca  Len   Deci  For   Class  Variable Label
Name      tion  gth   mals  mat          Value   Label
--------------------------------------------------------------------------------

HVIDX      146    2    0     N      S    Line number                   
                                         ranges:   lower   upper
                                                       1      90

HV101      148    2    0     N      S    Relationship to head          
                                         values:   value  label
                                                       1  Head                                                        
                                                       2  Wife or husband                                             
                                                       3  Son/daughter                                                
                                                       4  Son/daughter-in-law                                         
                                                       5  Grandchild                                                  
                                                       6  Parent                                                      
                                                       7  Parent-in-law                                               
                                                       8  Brother/sister                                              
                                                       9  Co-spouse                                                   
                                                      10  Other relative                                              
                                                      11  Adopted/foster child                                        
                                                      12  Not related                                                 
                                                      98  DK                                                          
                                                      99  Missing value
                                         ranges:   lower   upper
                                                       1      12
                                                      98      98

HV102      150    1    0     N      S    Usual resident                
                                         values:   value  label
                                                       0  No                                                          
                                                       1  Yes                                                         
                                                       9  Missing value
                                         ranges:   lower   upper
                                                       0       1

HV103      151    1    0     N      S    Slept last night              
                                         values:   value  label
                                                       0  No                                                          
                                                       1  Yes                                                         
                                                       9  Missing value
                                         ranges:   lower   upper
                                                       0       1

HV104      152    1    0     N      S    Sex of household member       
                                         values:   value  label
                                                       1  Male                                                        
                                                       2  Female                                                      
                                                       9  Missing value
                                         ranges:   lower   upper
                                                       1       2


                             VARIABLE  DESCRIPTION                     
Section   : SEC2                                                      08-07-2003
                                                                        14:44:43
--------------------------------------------------------------------------------
Variable  Loca  Len   Deci  For   Class  Variable Label
Name      tion  gth   mals  mat          Value   Label
--------------------------------------------------------------------------------

HV105      153    2    0     N      S    Age of household members      
                                         values:   value  label
                                                      96  96+                                                         
                                                      98  DK                                                          
                                                      99  Missing value
                                         ranges:   lower   upper
                                                       0      96
                                                      98      98

HV106      155    1    0     N      S    Highest educational level     
                                         values:   value  label
                                                       0  No education                                                
                                                       1  Primary                                                     
                                                       2  Secondary                                                   
                                                       3  Higher                                                      
                                                       8  DK                                                          
                                                       9  Missing value
                                         ranges:   lower   upper
                                                       0       3
                                                       8       8

HV107      156    2    0     N      S    Highest year of education     
                                         values:   value  label
                                                      98  DK                                                          
                                                      99  Missing value
                                                   BLANK  Not applicable value

HV108      158    2    0     N      S    Education in single years     
                                         values:   value  label
                                                      97  Inconsistent                                                
                                                      98  DK                                                          
                                                      99  Missing value
                                         ranges:   lower   upper
                                                       0      20
                                                      97      98

HV109      160    1    0     N      S    Educational attainment        
                                         values:   value  label
                                                       0  No education                                                
                                                       1  Incomplete primary                                          
                                                       2  Complete primary                                            
                                                       3  Incomplete secondary                                        
                                                       4  Complete secondary                                          
                                                       5  Higher                                                      
                                                       8  DK                                                          
                                                       9  Missing value
                                         ranges:   lower   upper
                                                       0       5
                                                       8       8


                             VARIABLE  DESCRIPTION                     
Section   : SEC2                                                      08-07-2003
                                                                        14:44:43
--------------------------------------------------------------------------------
Variable  Loca  Len   Deci  For   Class  Variable Label
Name      tion  gth   mals  mat          Value   Label
--------------------------------------------------------------------------------

HV110      161    1    0     N      S    Member still in school        
                                         values:   value  label
                                                       0  No                                                          
                                                       1  Yes                                                         
                                                       9  Missing value
                                                   BLANK  Not applicable value
                                         ranges:   lower   upper
                                                       0       1

HV111      162    1    0     N      S    Mother alive                  
                                         values:   value  label
                                                       0  No                                                          
                                                       1  Yes                                                         
                                                       8  DK                                                          
                                                       9  Missing value
                                                   BLANK  Not applicable value
                                         ranges:   lower   upper
                                                       0       1
                                                       8       8

HV112      163    2    0     N      S    Mother's line number          
                                         values:   value  label
                                                       0  Mother not in HH                                            
                                                      99  Missing value
                                                   BLANK  Not applicable value
                                         ranges:   lower   upper
                                                       0      90

HV113      165    1    0     N      S    Father alive                  
                                         values:   value  label
                                                       0  No                                                          
                                                       1  Yes                                                         
                                                       8  DK                                                          
                                                       9  Missing value
                                                   BLANK  Not applicable value
                                         ranges:   lower   upper
                                                       0       1
                                                       8       8

HV114      166    2    0     N      S    Father's line number          
                                         values:   value  label
                                                       0  Father not in HH                                            
                                                      99  Missing value
                                                   BLANK  Not applicable value
                                         ranges:   lower   upper
                                                       0      90


                             VARIABLE  DESCRIPTION                     
Section   : SEC2                                                      08-07-2003
                                                                        14:44:43
--------------------------------------------------------------------------------
Variable  Loca  Len   Deci  For   Class  Variable Label
Name      tion  gth   mals  mat          Value   Label
--------------------------------------------------------------------------------

HV115      168    1    0     N      S    Current marital status        
                                         values:   value  label
                                                       0  Never married                                               
                                                       1  Married                                                     
                                                       2  Living together                                             
                                                       3  Widowed                                                     
                                                       4  Divorced                                                    
                                                       5  Not living together                                         
                                                       9  Missing value
                                                   BLANK  Not applicable value
                                         ranges:   lower   upper
                                                       0       5

HV116      169    1    0     N      S    Currently, formerly, never m. 
                                         values:   value  label
                                                       0  Never married                                               
                                                       1  Currently married                                           
                                                       2  Formerly/ever marr.                                         
                                                       9  Missing value
                                                   BLANK  Not applicable value
                                         ranges:   lower   upper
                                                       0       2

HV117      170    1    0     N      S    Eligibility for female intview
                                         values:   value  label
                                                       0  Not eligible                                                
                                                       1  Eligible                                                    
                                                   BLANK  Not applicable value
                                         ranges:   lower   upper
                                                       0       1

HV118      171    1    0     N      S    Eligibility for male interview
                                         values:   value  label
                                                       0  Not eligible                                                
                                                       1  Eligible                                                    
                                                   BLANK  Not applicable value
                                         ranges:   lower   upper
                                                       0       1

IDXH4      172    2    0     N      S    Index to household schedule   
                                         ranges:   lower   upper
                                                       1      90


                             VARIABLE  DESCRIPTION                     
Section   : SEC2                                                      08-07-2003
                                                                        14:44:43
--------------------------------------------------------------------------------
Variable  Loca  Len   Deci  For   Class  Variable Label
Name      tion  gth   mals  mat          Value   Label
--------------------------------------------------------------------------------

SH10LE     174    1    0     N      S    Level of Education            
                                         values:   value  label
                                                       1  Primary                                                     
                                                       2  Middle/JSS                                                  
                                                       3  SSS/Comm./Voc/Tech                                          
                                                       4  Post.sec/nurse/polyt                                        
                                                       5  Higher                                                      
                                                       8  DK                                                          
                                                       9  Missing value
                                                   BLANK  Not applicable value
                                         ranges:   lower   upper
                                                       1       5
                                                       8       8

SH10FO     175    2    0     N      S    Highest form completed        
                                         values:   value  label
                                                       0  < 1 year completed                                          
                                                      98  DK                                                          
                                                      99  Missing value
                                                   BLANK  Not applicable value
                                         ranges:   lower   upper
                                                       0       8
                                                      98      98

SH11B      177    1    0     N      S    Why not attending school      
                                         values:   value  label
                                                       1  Financial constraint                                        
                                                       2  School too far away                                         
                                                       3  Lack of interest                                            
                                                       4  Disability                                                  
                                                       5  Need to help fam.bus                                        
                                                       6  Graduated                                                   
                                                       7  Other                                                       
                                                       8  Too young to go                                             
                                                       9  Missing value
                                                   BLANK  Not applicable value
                                         ranges:   lower   upper
                                                       1       8

SH12       178    3    0     N      S    Respondents occupation        
                                         values:   value  label
                                                     998  Don't know                                                  
                                                     999  Missing value
                                                   BLANK  Not applicable value
                                         ranges:   lower   upper
                                                       1     103
                                                     998     998


                             VARIABLE  DESCRIPTION                     
Section   : SEC2                                                      08-07-2003
                                                                        14:44:43
--------------------------------------------------------------------------------
Variable  Loca  Len   Deci  For   Class  Variable Label
Name      tion  gth   mals  mat          Value   Label
--------------------------------------------------------------------------------

SH13       181    3    0     N      S    Type of industry resp.works in
                                         values:   value  label
                                                     998  Don't know                                                  
                                                     999  Missing value
                                                   BLANK  Not applicable value
                                         ranges:   lower   upper
                                                       1     990
                                                     998     998

SH14       184    1    0     N      S    Work for family, others, self 
                                         values:   value  label
                                                       1  Self employed                                               
                                                       2  Employer                                                    
                                                       3  Unpaid family worker                                        
                                                       4  For wages/salary                                            
                                                       9  Missing value
                                                   BLANK  Not applicable value
                                         ranges:   lower   upper
                                                       1       4

SH15       185    1    0     N      S    Days wkd out of last 7 days   
                                         values:   value  label
                                                       8  Don't know                                                  
                                                       9  Missing value
                                                   BLANK  Not applicable value
                                         ranges:   lower   upper
                                                       0       7
                                                       8       8

SH16       186    2    0     N      S    Max. Hrs/day  in last 7 days  
                                         values:   value  label
                                                      99  Missing value
                                                   BLANK  Not applicable value
                                         ranges:   lower   upper
                                                       0      24

SH17       188    1    0     N      S    Looked for work in last 7 days
                                         values:   value  label
                                                       0  No                                                          
                                                       1  Yes                                                         
                                                       8  Don't know                                                  
                                                       9  Missing value
                                                   BLANK  Not applicable value
                                         ranges:   lower   upper
                                                       0       1
                                                       8       8


                             VARIABLE  DESCRIPTION                     
Section   : SEC2                                                      08-07-2003
                                                                        14:44:43
--------------------------------------------------------------------------------
Variable  Loca  Len   Deci  For   Class  Variable Label
Name      tion  gth   mals  mat          Value   Label
--------------------------------------------------------------------------------

SH18       189    1    0     N      S    Illness/injury in last 2 weeks
                                         values:   value  label
                                                       0  No                                                          
                                                       1  Yes                                                         
                                                       9  Missing value
                                                   BLANK  Not applicable value
                                         ranges:   lower   upper
                                                       0       1

SH19       190    1    0     N      S    Health consult.in last 2 weeks
                                         values:   value  label
                                                       0  No                                                          
                                                       1  Yes                                                         
                                                       9  Missing value
                                                   BLANK  Not applicable value
                                         ranges:   lower   upper
                                                       0       1

SH20       191    2    0     N      S    Whom consulted in last 2 weeks
                                         values:   value  label
                                                       1  Doctor                                                      
                                                       2  Dentist                                                     
                                                       3  Medical Assistant                                           
                                                       4  Nurse                                                       
                                                       5  Midwife                                                     
                                                       6  Pharmacist                                                  
                                                       7  Druggist                                                    
                                                       8  Traditional healer                                          
                                                       9  TBA                                                         
                                                      10  Spiritualist                                                
                                                      11  Drug pedlar                                                 
                                                      12  Relative                                                    
                                                      96  Other                                                       
                                                      98  Don't know                                                  
                                                      99  Missing value
                                                   BLANK  Not applicable value
                                         ranges:   lower   upper
                                                       1      12
                                                      96      96
                                                      98      98

SH21       193    6    0     N      S    Amt paid for med.suppl./conslt
                                         values:   value  label
                                                       0  No services/no pmnt.                                        
                                                  999999  Missing value


                             VARIABLE  DESCRIPTION                     
Section   : SEC2                                                      08-07-2003
                                                                        14:44:43
--------------------------------------------------------------------------------
Variable  Loca  Len   Deci  For   Class  Variable Label
Name      tion  gth   mals  mat          Value   Label
--------------------------------------------------------------------------------

SH22       199    1    0     N      S    Born in this locality         
                                         values:   value  label
                                                       0  No                                                          
                                                       1  Yes                                                         
                                                       9  Missing value
                                                   BLANK  Not applicable value
                                         ranges:   lower   upper
                                                       0       1

SH23       200    1    0     N      S    Lived elsewhere for 6 months+ 
                                         values:   value  label
                                                       0  No                                                          
                                                       1  Yes                                                         
                                                       9  Missing value
                                                   BLANK  Not applicable value
                                         ranges:   lower   upper
                                                       0       1

SH24       201    1    0     N      S    Type of birthplace            
                                         values:   value  label
                                                       1  City                                                        
                                                       2  Town                                                        
                                                       3  Village                                                     
                                                       9  Missing value
                                                   BLANK  Not applicable value
                                         ranges:   lower   upper
                                                       1       3

SH25       202    2    0     N      S    How old when 1st left birthplc
                                         values:   value  label
                                                      96  96+                                                         
                                                      98  Don't know                                                  
                                                      99  Missing value
                                                   BLANK  Not applicable value
                                         ranges:   lower   upper
                                                       0      96
                                                      98      98


                             VARIABLE  DESCRIPTION                     
Section   : SEC2                                                      08-07-2003
                                                                        14:44:43
--------------------------------------------------------------------------------
Variable  Loca  Len   Deci  For   Class  Variable Label
Name      tion  gth   mals  mat          Value   Label
--------------------------------------------------------------------------------

SH26       204    1    0     N      S    Main reason moved first time  
                                         values:   value  label
                                                       1  Follow/join family                                          
                                                       2  Work related                                                
                                                       3  Marriage                                                    
                                                       4  School                                                      
                                                       5  Adventure                                                   
                                                       6  Escape family probs.                                        
                                                       7  Other                                                       
                                                       8  Health Problems                                             
                                                       9  Missing value
                                                   BLANK  Not applicable value
                                         ranges:   lower   upper
                                                       1       8

SH27Y      205    2    0     N      S    Time lived here (Years)       
                                         values:   value  label
                                                       0  Less than 1 year                                            
                                                      96  96 years +                                                  
                                                      98  Don't know                                                  
                                                      99  Missing value
                                                   BLANK  Not applicable value
                                         ranges:   lower   upper
                                                       0      96
                                                      98      98

SH27M      207    2    0     N      S    Time lived here (Months)      
                                         values:   value  label
                                                      98  Don't know                                                  
                                                      99  Missing value
                                                   BLANK  Not applicable value
                                         ranges:   lower   upper
                                                       0      12
                                                      98      98

SH28       209    1    0     N      S    Main reason came here         
                                         values:   value  label
                                                       1  Follow/join family                                          
                                                       2  Work related                                                
                                                       3  Marriage                                                    
                                                       4  School                                                      
                                                       5  Adventure                                                   
                                                       6  Escape family probs.                                        
                                                       7  Other                                                       
                                                       8  Escape war, repatr.                                         
                                                       9  Missing value
                                                   BLANK  Not applicable value
                                         ranges:   lower   upper
                                                       1       8


                             VARIABLE  DESCRIPTION                     
Section   : SEC2                                                      08-07-2003
                                                                        14:44:43
--------------------------------------------------------------------------------
Variable  Loca  Len   Deci  For   Class  Variable Label
Name      tion  gth   mals  mat          Value   Label
--------------------------------------------------------------------------------

SH29       210    2    0     N      S    Region/country moved from     
                                         values:   value  label
                                                       1  Western                                                     
                                                       2  Central                                                     
                                                       3  G/Accra                                                     
                                                       4  Volta                                                       
                                                       5  Eastern                                                     
                                                       6  Ashanti                                                     
                                                       7  B.Ahafo                                                     
                                                       8  Northern                                                    
                                                       9  U.West                                                      
                                                      10  U.East                                                      
                                                      11  Nigeria                                                     
                                                      12  C“te D'Ivoire                                               
                                                      13  Togo                                                        
                                                      14  Burkina Faso                                                
                                                      15  Other Africa                                                
                                                      16  Outside Africa                                              
                                                      99  Missing value
                                                   BLANK  Not applicable value
                                         ranges:   lower   upper
                                                       1      16

SH30       212    1    0     N      S    Type of place moved from      
                                         values:   value  label
                                                       1  City                                                        
                                                       2  Town                                                        
                                                       3  Village                                                     
                                                       9  Missing value
                                                   BLANK  Not applicable value
                                         ranges:   lower   upper
                                                       1       3

SH31       213    1    0     N      S    Has difficulty in moving      
                                         values:   value  label
                                                       0  No                                                          
                                                       1  Yes                                                         
                                                       9  Missing value
                                                   BLANK  Not applicable value
                                         ranges:   lower   upper
                                                       0       1

SH32       214    1    0     N      S    Has difficulty in seeing      
                                         values:   value  label
                                                       0  No                                                          
                                                       1  Yes                                                         
                                                       9  Missing value
                                                   BLANK  Not applicable value
                                         ranges:   lower   upper
                                                       0       1


                             VARIABLE  DESCRIPTION                     
Section   : SEC2                                                      08-07-2003
                                                                        14:44:43
--------------------------------------------------------------------------------
Variable  Loca  Len   Deci  For   Class  Variable Label
Name      tion  gth   mals  mat          Value   Label
--------------------------------------------------------------------------------

SH33       215    1    0     N      S    Has difficulty in hearing/spkg
                                         values:   value  label
                                                       0  No                                                          
                                                       1  Yes                                                         
                                                       9  Missing value
                                                   BLANK  Not applicable value
                                         ranges:   lower   upper
                                                       0       1

SH34       216    1    0     N      S    Has difficulty in learning    
                                         values:   value  label
                                                       0  No                                                          
                                                       1  Yes                                                         
                                                       9  Missing value
                                                   BLANK  Not applicable value
                                         ranges:   lower   upper
                                                       0       1

SH35       217    1    0     N      S    Has loss feeling in hand/foot 
                                         values:   value  label
                                                       0  No                                                          
                                                       1  Yes                                                         
                                                       9  Missing value
                                                   BLANK  Not applicable value
                                         ranges:   lower   upper
                                                       0       1

SH36       218    1    0     N      S    Has fits                      
                                         values:   value  label
                                                       0  No                                                          
                                                       1  Yes                                                         
                                                       9  Missing value
                                                   BLANK  Not applicable value
                                         ranges:   lower   upper
                                                       0       1

SH37       219    1    0     N      S    Behaves strangely             
                                         values:   value  label
                                                       0  No                                                          
                                                       1  Yes                                                         
                                                       9  Missing value
                                                   BLANK  Not applicable value
                                         ranges:   lower   upper
                                                       0       1


                             VARIABLE  DESCRIPTION                     
Section   : SEC2                                                      08-07-2003
                                                                        14:44:43
--------------------------------------------------------------------------------
Variable  Loca  Len   Deci  For   Class  Variable Label
Name      tion  gth   mals  mat          Value   Label
--------------------------------------------------------------------------------

SH38       220    1    0     N      S    Has other difficulty          
                                         values:   value  label
                                                       0  No                                                          
                                                       1  Yes                                                         
                                                       9  Missing value
                                                   BLANK  Not applicable value
                                         ranges:   lower   upper
                                                       0       1

SH39       221    1    0     N      S    Main difficulty               
                                         values:   value  label
                                                       1  Moving                                                      
                                                       2  Seeing/hearing                                              
                                                       3  Speaking                                                    
                                                       4  Learning                                                    
                                                       5  Loss flg hand/foot                                          
                                                       6  Fits                                                        
                                                       7  Behave strangely                                            
                                                       8  Other                                                       
                                                       9  Missing value
                                                   BLANK  Not applicable value
                                         ranges:   lower   upper
                                                       1       8


                             SECTION MAP                               
Section   : SEC1                                                      08-07-2003
                                                                        14:44:43
--------------------------------------------------------------------------------
Loc  Fmt   Variable      Variable Label                  Missing NotAppl Default
--------------------------------------------------------------------------------

     ___
   1| A |  HHID          Case Identification                                    
    | A |
    | A |
    | A |
    | A |
    | A |
    | A |
    | A |
    | A |
    | A |
    | A |
    | A |     ___
  13| A |  HV000         Country code and phase                                 
    | A |
    | A |     ___
  16| N |  HV001         Cluster number                                         
    | N |
    | N |
    | N |
    | N |
    | N |
    | N |
    | N |     ___
  24| N |  HV002         Household number                                       
    | N |
    | N |
    | N |     ___
  28| N |  HV003         Respondent's line number                  BLANK        
    | N |
    | N |     ___
  31| N |  HV004         Ultimate area unit                                     
    | N |
    | N |
    | N |     ___
  35| N |  HV005         Sample weight                                          
    | N |
    | N |
    | N |
    | N |
    | N |
    | N |
    | N |     ___
  43| N |  HV006         Month of interview                                     
    | N |     ___
  45| N |  HV007         Year of interview                                      
    | N |     ___
  47| N |  HV008         Date of interview (CMC)                                
    | N |
    | N |
    | N |     ___

                             SECTION MAP                               
Section   : SEC1                                                      08-07-2003
                                                                        14:44:43
--------------------------------------------------------------------------------
Loc  Fmt   Variable      Variable Label                  Missing NotAppl Default
--------------------------------------------------------------------------------

     ___
  51| N |  HV009         Number of household members                            
    | N |     ___
  53| N |  HV010         Number of eligible women in HH                         
    | N |     ___
  55| N |  HV011         Number of eligible men in HH                           
    | N |     ___
  57| N |  HV012         Number of de jure members                              
    | N |     ___
  59| N |  HV013         Number of de facto members                             
    | N |     ___
  61| N |  HV014         Number of children 5 and under                         
    | N |     ___
  63| N |  HV015         Result of household interview                               ___
  64| N |  HV016         Day of interview                                       
    | N |     ___
  66| N |  HV017         Number of visits                                            ___
  67| N |  HV018         Interviewer identification          999                
    | N |
    | N |     ___
  70| N |  HV019         Keyer identification                 99                
    | N |     ___
  72| N |  HV020         Ever-married sample                                         ___
  73| N |  HV021         Primary sampling unit                                  
    | N |
    | N |
    | N |     ___
  77| N |  HV022         Sample stratum number                                  
    | N |
    | N |
    | N |     ___
  81| N |  HV023         Sample domain                                          
    | N |     ___
  83| N |  HV024         Region                                                 
    | N |     ___
  85| N |  HV025         Type of place of residence                                  ___
  86| N |  HV026         Place of residence                    9                     ___
  87| N |  HV027         Selection for male/husb. int.                               ___
  88| N |  HV028         Sample weight for male subsamp                         
    | N |
    | N |
    | N |
    | N |
    | N |
    | N |
    | N |     ___
  96| N |  HV201         Source of drinking water             99   BLANK        
    | N |     ___
  98| N |  HV202         Source of non-drinking water         99   BLANK        
    | N |     ___
 100| N |  HV203         Same source of water                  9                     ___

                             SECTION MAP                               
Section   : SEC1                                                      08-07-2003
                                                                        14:44:43
--------------------------------------------------------------------------------
Loc  Fmt   Variable      Variable Label                  Missing NotAppl Default
--------------------------------------------------------------------------------

     ___
 101| N |  HV204         Time to get to water source         999   BLANK        
    | N |
    | N |     ___
 104| N |  HV205         Type of toilet facility              99   BLANK        
    | N |     ___
 106| N |  HV206         Has electricity                       9   BLANK             ___
 107| N |  HV207         Has radio                             9   BLANK             ___
 108| N |  HV208         Has television                        9   BLANK             ___
 109| N |  HV209         Has refrigerator                      9   BLANK             ___
 110| N |  HV210         Has bicycle                           9   BLANK             ___
 111| N |  HV211         Has motorcycle                        9   BLANK             ___
 112| N |  HV212         Has car                               9   BLANK             ___
 113| N |  HV213         Main floor material                  99   BLANK        
    | N |     ___
 115| N |  HV214         Main wall material        - NA            BLANK        
    | N |     ___
 117| N |  HV215         Main roof material        - NA            BLANK        
    | N |     ___
 119| N |  HV216         Rooms for sleeping                   99                
    | N |     ___
 121| N |  HV217         Relationship structure                                      ___
 122| N |  HV218         Line number of head of househ.                         
    | N |     ___
 124| N |  HV219         Sex of head of household              9                     ___
 125| N |  HV220         Age of head of household             99                
    | N |     ___
 127| N |  SHSTRUCT      Household level structure no.                          
    | N |
    | N |     ___
 130| N |  SHFEDIT       Field editor number                       BLANK        
    | N |     ___
 132| N |  SHWMEN        Household weight (6 decimals)                          
    | N |
    | N |
    | N |
    | N |
    | N |
    | N |
    | N |     ___
 140| N |  SH50          Time to water and back              999   BLANK        
    | N |
    | N |     ___
 143| N |  SH52E         Video                                 9   BLANK             ___
 144| N |  SH55D         Tractor                               9   BLANK             ___
 145| N |  SH55E         Horse/cart                            9   BLANK             ___

                             SECTION MAP                               
Section   : SEC2                                                      08-07-2003
                                                                        14:44:43
--------------------------------------------------------------------------------
Loc  Fmt   Variable      Variable Label                  Missing NotAppl Default
--------------------------------------------------------------------------------

     ___
 146| N |  HVIDX         Line number                                            
    | N |     ___
 148| N |  HV101         Relationship to head                 99                
    | N |     ___
 150| N |  HV102         Usual resident                        9                     ___
 151| N |  HV103         Slept last night                      9                     ___
 152| N |  HV104         Sex of household member               9                     ___
 153| N |  HV105         Age of household members             99                
    | N |     ___
 155| N |  HV106         Highest educational level             9                     ___
 156| N |  HV107         Highest year of education            99   BLANK        
    | N |     ___
 158| N |  HV108         Education in single years            99                
    | N |     ___
 160| N |  HV109         Educational attainment                9                     ___
 161| N |  HV110         Member still in school                9   BLANK             ___
 162| N |  HV111         Mother alive                          9   BLANK             ___
 163| N |  HV112         Mother's line number                 99   BLANK        
    | N |     ___
 165| N |  HV113         Father alive                          9   BLANK             ___
 166| N |  HV114         Father's line number                 99   BLANK        
    | N |     ___
 168| N |  HV115         Current marital status                9   BLANK             ___
 169| N |  HV116         Currently, formerly, never m.         9   BLANK             ___
 170| N |  HV117         Eligibility for female intview            BLANK             ___
 171| N |  HV118         Eligibility for male interview            BLANK             ___
 172| N |  IDXH4         Index to household schedule                            
    | N |     ___
 174| N |  SH10LE        Level of Education                    9   BLANK             ___
 175| N |  SH10FO        Highest form completed               99   BLANK        
    | N |     ___
 177| N |  SH11B         Why not attending school              9   BLANK             ___
 178| N |  SH12          Respondents occupation              999   BLANK        
    | N |
    | N |     ___
 181| N |  SH13          Type of industry resp.works in      999   BLANK        
    | N |
    | N |     ___
 184| N |  SH14          Work for family, others, self         9   BLANK             ___
 185| N |  SH15          Days wkd out of last 7 days           9   BLANK             ___
 186| N |  SH16          Max. Hrs/day  in last 7 days         99   BLANK        
    | N |     ___
 188| N |  SH17          Looked for work in last 7 days        9   BLANK             ___
 189| N |  SH18          Illness/injury in last 2 weeks        9   BLANK             ___
 190| N |  SH19          Health consult.in last 2 weeks        9   BLANK             ___
 191| N |  SH20          Whom consulted in last 2 weeks       99   BLANK        
    | N |     ___

                             SECTION MAP                               
Section   : SEC2                                                      08-07-2003
                                                                        14:44:43
--------------------------------------------------------------------------------
Loc  Fmt   Variable      Variable Label                  Missing NotAppl Default
--------------------------------------------------------------------------------

     ___
 193| N |  SH21          Amt paid for med.suppl./conslt   999999                
    | N |
    | N |
    | N |
    | N |
    | N |     ___
 199| N |  SH22          Born in this locality                 9   BLANK             ___
 200| N |  SH23          Lived elsewhere for 6 months+         9   BLANK             ___
 201| N |  SH24          Type of birthplace                    9   BLANK             ___
 202| N |  SH25          How old when 1st left birthplc       99   BLANK        
    | N |     ___
 204| N |  SH26          Main reason moved first time          9   BLANK             ___
 205| N |  SH27Y         Time lived here (Years)              99   BLANK        
    | N |     ___
 207| N |  SH27M         Time lived here (Months)             99   BLANK        
    | N |     ___
 209| N |  SH28          Main reason came here                 9   BLANK             ___
 210| N |  SH29          Region/country moved from            99   BLANK        
    | N |     ___
 212| N |  SH30          Type of place moved from              9   BLANK             ___
 213| N |  SH31          Has difficulty in moving              9   BLANK             ___
 214| N |  SH32          Has difficulty in seeing              9   BLANK             ___
 215| N |  SH33          Has difficulty in hearing/spkg        9   BLANK             ___
 216| N |  SH34          Has difficulty in learning            9   BLANK             ___
 217| N |  SH35          Has loss feeling in hand/foot         9   BLANK             ___
 218| N |  SH36          Has fits                              9   BLANK             ___
 219| N |  SH37          Behaves strangely                     9   BLANK             ___
 220| N |  SH38          Has other difficulty                  9   BLANK             ___
 221| N |  SH39          Main difficulty                       9   BLANK             ___

... Report of Dictionary GHPR31 normally ended