                                                   NMHR51FL
                                                NMHR51FL_DICT

                                        C:\COUNTRIES\NM51\NMHR51FL.DCF
                                   Last Modified:  11/11/2008  11:26:41 AM

--------------------------------------------------------------------------------------------------------------
Level Name                    Level Label                                                  Type            Rec
  Record Name                   Record Label                                              Value  Req  Max  Len
--------------------------------------------------------------------------------------------------------------
HOUSEHOLD                     HOUSEHOLD
  RECORD1                       RECORD1                                                          Yes    1 4654
Level: HOUSEHOLD                                       Record: RECORD1
--------------------------------------------------------------------------------------------------------------
                                                                                 Data Item            Dec Zero
Item Name              Item Label                                     Start  Len Type Type  Occ  Dec Char Fill
--------------------------------------------------------------------------------------------------------------
                         (record type)                                    0    0   AN    I    1    0   No   No
HHID              (id) Case Identification                                1   12   AN    I    1    0   No   No
HV000                  Country code and phase                            13    3   AN    I    1    0   No   No
HV001                  Cluster number                                    16    8    N    I    1    0   No   No
HV002                  Household number                                  24    4    N    I    1    0   No   No
HV003                  Respondent's line number                          28    3    N    I    1    0   No   No
                               1:999  
HV004                  Ultimate area unit                                31    4    N    I    1    0   No   No
HV005                  Sample weight                                     35    8    N    I    1    0   No   No
HV006                  Month of interview                                43    2    N    I    1    0   No   No
                               1:12  
HV007                  Year of interview                                 45    4    N    I    1    0   No   No
                               2006:2007  
HV008                  Date of interview (CMC)                           49    4    N    I    1    0   No   No
HV009                  Number of household members                       53    2    N    I    1    0   No   No
                               0:90  
HV010                  Number of eligible women in HH                    55    2    N    I    1    0   No   No
                               0:20  
HV011                  Number of eligible men in HH                      57    2    N    I    1    0   No   No
                               0:20  
HV012                  Number of de jure members                         59    2    N    I    1    0   No   No
                               0:90  
HV013                  Number of de facto members                        61    2    N    I    1    0   No   No
                               0:90  
HV014                  Number of children 5 and under                    63    2    N    I    1    0   No   No
                               0:20  
HV015                  Result of household interview                     65    1    N    I    1    0   No   No
                               1  Completed
                               2  HH present, no resp
                               3  HH absent
                               4  Postponed
                               5  Refused
                               6  Dwelling vacant
                               7  Dwelling destroyed
                               8  Dwelling not found
                               9  Other
HV016                  Day of interview                                  66    2    N    I    1    0   No   No
                               1:31  
HV017                  Number of visits                                  68    1    N    I    1    0   No   No
                               1:5  
HV018                  Interviewer identification                        69    3    N    I    1    0   No   No
                               0:998  
                           (m) 999    Missing
HV019                  Keyer identification                              72    2    N    I    1    0   No   No
HV020                  Ever-married sample                               74    1    N    I    1    0   No   No
                               0  All woman sample
                               1  Ever married sample
HV021                  Primary sampling unit                             75    4    N    I    1    0   No   No
HV022                  Sample stratum number                             79    4    N    I    1    0   No   No
HV023                  Sample domain                                     83    2    N    I    1    0   No   No
                               0  National
                               1  Country specific
HV024                  Region                                            85    2    N    I    1    0   No   No
                               1   Caprivi
                               2   Erongo
                               3   Hardap
                               4   Karas
                               5   Kavango
                               6   Khomas
                               7   Kunene
                               8   Ohangwena
                               9   Omaheke
                               10  Omusati
                               11  Oshana
                               12  Oshikoto
                               13  Otjozondjupa
HV025                  Type of place of residence                        87    1    N    I    1    0   No   No
                               1  Urban
                               2  Rural
HV026                  Place of residence                                88    1    N    I    1    0   No   No
                               0  Capital, large city
                               1  Small city
                               2  Town
                               3  Countryside
                           (m) 9  Missing
HV027                  Selection for male/husb. int.                     89    1    N    I    1    0   No   No
                               0  Not selected
                               1  Men's survey
                               2  Husband's survey
HV028                  Sample weight for male subsamp                    90    8    N    I    1    0   No   No
HV030                  Field supervisor                                  98    3    N    I    1    0   No   No
                               0:998  
                           (m) 999    Missing
HV031                  Field editor                                     101    3    N    I    1    0   No   No
                               0:998  
                           (m) 999    Missing
HV032                  Office editor                                    104    2    N    I    1    0   No   No
HV033                  Ultimate area selection prob.                    106    8    N    I    1    0   No   No
HV035                  Number of eligible children for height & weight  114    2    N    I    1    0   No   No
                               0:20  
HV040                  Cluster altitude in meters                       116    4    N    I    1    0   No   No
                               0:3000  
                           (m) 9999    Missing
                          (na)         NotAppl
HV041                  Total adults measured                            120    2    N    I    1    0   No   No
                               0:15  
HV042                  NA - Selection for hemoglobin                    122    1    N    I    1    0   No   No
                               0  Not selected
                               1  Selected
HV043                  NA - Selection for women's status module         123    1    N    I    1    0   No   No
                               0  Household not selected
                               1  Household selected
                          (na)    NotAppl
HV044                  NA - Selection for domestic violence module      124    1    N    I    1    0   No   No
                               0  Household not selected
                               1  Household selected
                          (na)    NotAppl
HV201                  Source of drinking water                         125    2    N    I    1    0   No   No
                               10     PIPED WATER
                               11     Piped into dwelling
                               12     Piped to yard/plot
                               13     Public tap/standpipe
                               11:19  
                               20     TUBE WELL WATER
                               21     Tube well or borehole
                               21:29  
                               30     DUG WELL (OPEN/PROTECTED)
                               31     Protected well
                               32     Unprotected well
                               31:39  
                               40     SURFACE WATER
                               41     Protected spring
                               42     Unprotected spring
                               43     River/dam/lake/ponds/stream/canal/irrigation channel
                               41:44  
                               51     Rainwater
                               61     Tanker truck
                               62     Cart with small tank
                               71     Bottled water
                               96     Other
                           (m) 99     Missing
                          (na)        NotAppl
HV202                  Source of non-drinking water                     127    2    N    I    1    0   No   No
                               10     PIPED WATER
                               11     Piped into dwelling
                               12     Piped to yard/plot
                               13     Public tap/standpipe
                               11:19  
                               20     TUBE WELL WATER
                               21     Tube well or borehole
                               21:29  
                               30     DUG WELL (OPEN/PROTECTED)
                               31     Protected well
                               32     Unprotected well
                               31:39  
                               40     SURFACE WATER
                               41     Protected spring
                               42     Unprotected spring
                               43     River/dam/lake/ponds/stream/canal/irrigation channel
                               41:44  
                               51     Rainwater
                               61     Tanker truck
                               62     Cart with small tank
                               71     Bottled water
                               96     Other
                           (m) 99     Missing
                          (na)        NotAppl
HV204                  Time to get to water source                      129    3    N    I    1    0   No   No
                               1:600  
                               996    On premises
                               998    Don't know
                           (m) 999    Missing
                          (na)        NotAppl
HV205                  Type of toilet facility                          132    2    N    I    1    0   No   No
                               10  FLUSH TOILET
                               11  Flush - to piped sewer system
                               12  Flush - to septic tank
                               13  Flush - to pit latrine
                               14  Flush - to somewhere else
                               15  Flush - don't know where
                               20  PIT TOILET LATRINE
                               21  Pit latrine - ventilated improved pit (VIP)
                               22  Pit latrine - with slab
                               23  Pit latrine - without slab / open pit
                               30  NO FACILITY
                               31  No facility/bush/field
                               41  Composting toilet
                               42  Bucket toilet
                               43  Hanging toilet/latrine
                               96  OTHER
                           (m) 99  Missing
                          (na)     NotAppl
HV206                  Has electricity                                  134    1    N    I    1    0   No   No
                               0  No
                               1  Yes
                           (m) 9  Missing
                          (na)    NotAppl
HV207                  Has radio                                        135    1    N    I    1    0   No   No
                               0  No
                               1  Yes
                           (m) 9  Missing
                          (na)    NotAppl
HV208                  Has television                                   136    1    N    I    1    0   No   No
                               0  No
                               1  Yes
                           (m) 9  Missing
                          (na)    NotAppl
HV209                  Has refrigerator                                 137    1    N    I    1    0   No   No
                               0  No
                               1  Yes
                           (m) 9  Missing
                          (na)    NotAppl
HV210                  Has bicycle                                      138    1    N    I    1    0   No   No
                               0  No
                               1  Yes
                           (m) 9  Missing
                          (na)    NotAppl
HV211                  Has motorcycle/scooter                           139    1    N    I    1    0   No   No
                               0  No
                               1  Yes
                           (m) 9  Missing
                          (na)    NotAppl
HV212                  Has car/truck                                    140    1    N    I    1    0   No   No
                               0  No
                               1  Yes
                           (m) 9  Missing
                          (na)    NotAppl
HV213                  Main floor material                              141    2    N    I    1    0   No   No
                               10  NATURAL
                               11  Earth, sand
                               12  Dung
                               20  RUDIMENTARY
                               21  Wood planks
                               22  Palm, bamboo
                               30  FINISHED
                               31  Parquet, polished wood
                               32  Vinyl, asphalt strips
                               33  Ceramic tiles
                               34  Cement
                               35  Carpet
                               96  OTHER
                           (m) 99  Missing
                          (na)     NotAppl
HV214                  Main wall material                               143    2    N    I    1    0   No   No
                               10  NATURAL
                               11  No walls
                               12  Cane / palm / trunks
                               13  Dirt
                               14  Animal dung
                               20  RUDIMENTARY
                               21  Bamboo with mud
                               22  Stone with mud
                               23  Uncovered adobe
                               24  Plywood
                               25  Cardboard
                               26  Reused wood
                               27  Metal (iron or zinc sheet)
                               28  Corrugated asbestos
                               30  FINISHED
                               31  Cement
                               32  Stone with lime / cement
                               33  Bricks
                               34  Cement blocks
                               35  Covered adobe
                               37  Metal
                               36  Wood planks / shingles
                               96  OTHER
                           (m) 99  Missing
                          (na)     NotAppl
HV215                  Main roof material                               145    2    N    I    1    0   No   No
                               10  NATURAL
                               11  No roof
                               12  Thatch / palm leaf
                               13  Sod
                               20  RUDIMENTARY
                               21  Rustic mat
                               22  Palm / bamboo
                               23  Wood planks
                               24  Cardboard
                               30  FINISHED
                               31  Metal
                               32  Wood
                               33  Calamine / cement fiber
                               34  Ceramic tiles
                               35  Cement
                               36  Roofing shingles
                               37  Corrugated asbestos
                               96  OTHER
                           (m) 99  Missing
                          (na)     NotAppl
HV216                  Rooms used for sleeping                          147    2    N    I    1    0   No   No
                               0:24  
                           (m) 99    Missing
                          (na)       Not applicable
HV217                  Relationship structure                           149    1    N    I    1    0   No   No
                               0  No adults
                               1  One adult
                               2  Two adults, opp. sex
                               3  Two adults, same sex
                               4  Three+ related adult
                               5  Unrelated adults
HV218                  Line number of head of househ.                   150    2    N    I    1    0   No   No
                               1:90  
HV219                  Sex of head of household                         152    1    N    I    1    0   No   No
                               1  Male
                               2  Female
                           (m) 9  Missing
HV220                  Age of head of household                         153    2    N    I    1    0   No   No
                               0:96  
                               97    97+
                               98    DK
                           (m) 99    Missing
HV221                  Has telephone                                    155    1    N    I    1    0   No   No
                               0  No
                               1  Yes
                           (m) 9  Missing
                          (na)    NotAppl
HV225                  Share toilet with other households               156    1    N    I    1    0   No   No
                               0  No
                               1  Yes
                           (m) 9  Missing
                          (na)    NotAppl
HV226                  Type of cooking fuel                             157    2    N    I    1    0   No   No
                               1   Electricity
                               2   LPG
                               3   Natural gas
                               4   Biogas
                               5   Kerosene
                               6   Coal, lignite
                               7   Charcoal
                               8   Wood
                               9   Straw / shrubs / grass
                               10  Agricultural crop
                               11  Animal dung
                               95  No food cooked in HH
                               96  Other
                           (m) 99  Missing
HV227                  Have bednet for sleeping                         159    1    N    I    1    0   No   No
                               0  No
                               1  Yes
                           (m) 9  Missing
HV228                  Children under 5 slept under bednet last night   160    1    N    I    1    0   No   No
                               0  No
                               1  All children
                               2  Some children
                               3  No bednet in HH
                           (m) 9  Missing
                          (na)    NotAppl
HV234                  NA - Test salt for Iodine                        161    3    N    I    1    0   No   No
                               0    0 PPM (No Iodine)
                               7    7 PPM
                               15   15 PPM
                               30   30 PPM
                               994  Salt not tested
                               995  No salt in household
                           (m) 999  Missing
                          (na)      NotAppl
HV235                  Location of source for water                     164    1    N    I    1    0   No   No
                               1  In own dwelling
                               2  In own yard/plot
                               3  Elsewhere
                           (m) 9  Missing
                          (na)    Not applicable
HV236                  Person fetching water                            165    1    N    I    1    0   No   No
                               1  Adult woman
                               2  Adult man
                               3  Female child under 15 years old
                               4  Male child under 15 years old
                               6  Other
                           (m) 9  Missing
                          (na)    Not applicable
HV237                  Anything done to water to make safe to drink     166    1    N    I    1    0   No   No
                               0  No
                               1  Yes
                               8  Don't know
                           (m) 9  Missing
                          (na)    Not applicable
HV237A                 Water usually treated by: boil                   167    1    N    I    1    0   No   No
                               0  No
                               1  Yes
                               8  DK
                           (m) 9  Missing
                          (na)    Not applicable
HV237B                 Water usually treated by: add bleach/chlorine    168    1    N    I    1    0   No   No
                               0  No
                               1  Yes
                               8  DK
                           (m) 9  Missing
                          (na)    Not applicable
HV237C                 Water usually treated by: strain through a clot  169    1    N    I    1    0   No   No
                               0  No
                               1  Yes
                               8  DK
                           (m) 9  Missing
                          (na)    Not applicable
HV237D                 Water usually treated by: use water filter       170    1    N    I    1    0   No   No
                               0  No
                               1  Yes
                               8  DK
                           (m) 9  Missing
                          (na)    Not applicable
HV237E                 Water usually treated by: solar disinfection     171    1    N    I    1    0   No   No
                               0  No
                               1  Yes
                               8  DK
                           (m) 9  Missing
                          (na)    Not applicable
HV237F                 Water usually treated by: let it stand and sett  172    1    N    I    1    0   No   No
                               0  No
                               1  Yes
                               8  DK
                           (m) 9  Missing
                          (na)    Not applicable
HV237G                 NA - Water usually treated by: CS                173    1    N    I    1    0   No   No
                               0  No
                               1  Yes
                           (m) 9  Missing
                          (na)    Not applicable
HV237H                 NA - Water usually treated by: CS                174    1    N    I    1    0   No   No
                               0  No
                               1  Yes
                           (m) 9  Missing
                          (na)    Not applicable
HV237I                 NA - Water usually treated by: CS                175    1    N    I    1    0   No   No
                               0  No
                               1  Yes
                           (m) 9  Missing
                          (na)    Not applicable
HV237J                 NA - Water usually treated by: CS                176    1    N    I    1    0   No   No
                               0  No
                               1  Yes
                           (m) 9  Missing
                          (na)    Not applicable
HV237K                 NA - Water usually treated by: CS                177    1    N    I    1    0   No   No
                               0  No
                               1  Yes
                           (m) 9  Missing
                          (na)    Not applicable
HV237X                 Water usually treated by: other                  178    1    N    I    1    0   No   No
                               0  No
                               1  Yes
                               8  Don't know
                           (m) 9  Missing
                          (na)    Not applicable
HV237Z                 Water usually treated by: don't know             179    1    N    I    1    0   No   No
                               0  No
                               1  Yes
                               8  DK
                           (m) 9  Missing
                          (na)    Not applicable
HV238                  Number of households sharing toilet              180    2    N    I    1    0   No   No
                               2:9  
                               95   10 or more households
                               98   Don't know
                           (m) 99   Missing
                          (na)      Not applicable
HV239                  Food cooked on stove or open fire                182    1    N    I    1    0   No   No
                               1  Open fire
                               2  Open stove
                               3  Closed stove with chimney
                               6  Other
                           (m) 9  Missing
                          (na)    Not applicable
HV240                  Household has a chimney, hood or neither         183    1    N    I    1    0   No   No
                               0  Neither chimney or hood
                               1  Chimney
                               2  Hood
                           (m) 9  Missing
                          (na)    Not applicable
HV241                  Food cooked in the house / in separate building  184    1    N    I    1    0   No   No
                               1  In the house
                               2  In a separate building
                               3  Outdoors
                               6  Other
                           (m) 9  Missing
                          (na)    Not applicable
HV242                  Household has separate room used as kitchen      185    1    N    I    1    0   No   No
                               0  No
                               1  Yes
                           (m) 9  Missing
                          (na)    Not applicable
HV243A                 Has a mobile telephone                           186    1    N    I    1    0   No   No
                               0  No
                               1  Yes
                           (m) 9  Missing
                          (na)    Not applicable
HV243B                 Has a watch                                      187    1    N    I    1    0   No   No
                               0  No
                               1  Yes
                           (m) 9  Missing
                          (na)    Not applicable
HV243C                 Has an animal-drawn cart                         188    1    N    I    1    0   No   No
                               0  No
                               1  Yes
                           (m) 9  Missing
                          (na)    Not applicable
HV243D                 Has a boat with a motor                          189    1    N    I    1    0   No   No
                               0  No
                               1  Yes
                           (m) 9  Missing
                          (na)    Not applicable
HV244                  Own land usable for agriculture                  190    1    N    I    1    0   No   No
                               0  No
                               1  Yes
                           (m) 9  Missing
                          (na)    Not applicable
HV245                  Hectares for agricultural land                   191    2    N    I    1    0   No   No
                               0:90  
                               95    More than 95
                               98    Unknown
                           (m) 99    Missing
                          (na)       Not applicable
HV246                  Livestock, herds or farm animals                 193    1    N    I    1    0   No   No
                               0  No
                               1  Yes
                           (m) 9  Missing
                          (na)    Not applicable
HV246A                 Cattle own                                       194    2    N    I    1    0   No   No
                               0     None
                               1:94  
                               95    More than 95
                               98    Unknown
                           (m) 99    Missing
                          (na)       Not applicable
HV246B                 Cows, bulls own                                  196    2    N    I    1    0   No   No
                               0     None
                               1:94  
                               95    More than 95
                               98    Unknown
                           (m) 99    Missing
                          (na)       Not applicable
HV246C                 Horses, donkeys, mules own                       198    2    N    I    1    0   No   No
                               0     None
                               1:94  
                               95    More than 95
                               98    Unknown
                           (m) 99    Missing
                          (na)       Not applicable
HV246D                 Goats own                                        200    2    N    I    1    0   No   No
                               0     None
                               1:94  
                               95    More than 95
                               98    Unknown
                           (m) 99    Missing
                          (na)       Not applicable
HV246E                 Sheep own                                        202    2    N    I    1    0   No   No
                               0     None
                               1:94  
                               95    More than 95
                               98    Unknown
                           (m) 99    Missing
                          (na)       Not applicable
HV246F                 Chickens own                                     204    2    N    I    1    0   No   No
                               0     None
                               1:94  
                               95    More than 95
                               98    Unknown
                           (m) 99    Missing
                          (na)       Not applicable
HV246G                 NA - CS own                                      206    2    N    I    1    0   No   No
                               0     None
                               1:94  
                               95    More than 95
                               98    Unknown
                           (m) 99    Missing
                          (na)       Not applicable
HV246H                 NA - CS own                                      208    2    N    I    1    0   No   No
                               0     None
                               1:94  
                               95    More than 95
                               98    Unknown
                           (m) 99    Missing
                          (na)       Not applicable
HV246I                 NA - CS own                                      210    2    N    I    1    0   No   No
                               0     None
                               1:94  
                               95    More than 95
                               98    Unknown
                           (m) 99    Missing
                          (na)       Not applicable
HV246J                 NA - CS own                                      212    2    N    I    1    0   No   No
                               0     None
                               1:94  
                               95    More than 95
                               98    Unknown
                           (m) 99    Missing
                          (na)       Not applicable
HV246K                 NA - CS own                                      214    2    N    I    1    0   No   No
                               0     None
                               1:94  
                               95    More than 95
                               98    Unknown
                           (m) 99    Missing
                          (na)       Not applicable
HV247                  Owns a bank account                              216    1    N    I    1    0   No   No
                               0  No
                               1  Yes
                           (m) 9  Missing
                          (na)    Not applicable
HV248                  Number of sick people 18-59                      217    2    N    I    1    0   No   No
                               0:20  
                          (na)       Not applicable
HV249                  Member of the HH died last 12 months             219    1    N    I    1    0   No   No
                               0  No
                               1  Yes
                               8  DK
                               9  Missing
                          (na)    Not applicable
HV250                  Number of members who died last 12 months        220    2    N    I    1    0   No   No
                               1:7  
                               8    DK
                           (m) 99   Missing
                          (na)      Not applicable
HV251                  Number of orphans and vulnerable children        222    2    N    I    1    0   No   No
HV270                  Wealth index                                     224    1    N    I    1    0   No   No
                               1  Poorest
                               2  Poorer
                               3  Middle
                               4  Richer
                               5  Richest
HV271                  Wealth index factor score (5 decimals)           225    8    N    I    1    0   No   No
HML1                   Number of mosquito nets                          233    2    N    I    1    0   No   No
                               0:97  
                               98    Don't know
                           (m) 99    Missing
                          (na)       NotAppl
HML1A                  Number of mosquito nets with specific informati  235    1    N    I    1    0   No   No
                               0:6  
                               7    7+
                          (na)      NotAppl
HML2                   Number of children under bednet previous night   236    2    N    I    1    0   No   No
                               0:50  
                           (m) 99    Missing
                          (na)       NotAppl
SHQLANG                Language of questionnaire                        238    1    N    I    1    0   No   No
                               1  Afrikaans
                               2  Damara/Nama
                               3  English
                               4  Herero
                               5  Kwangali
                               6  Lozi
                               7  Oshiwambo
SHRLANG                Language of respondent                           239    1    N    I    1    0   No   No
                               1  Afrikaans
                               2  Damara/Nama
                               3  English
                               4  Herero
                               5  Kwangali
                               6  Lozi
                               7  Oshiwambo
                               8  Other
                           (m) 9  Missing
SHILANG                Language of interview                            240    1    N    I    1    0   No   No
                               1  Afrikaans
                               2  Damara/Nama
                               3  English
                               4  Herero
                               5  Kwangali
                               6  Lozi
                               7  Oshiwambo
                               8  Other
                           (m) 9  Missing
SHTRANS                Translator used                                  241    1    N    I    1    0   No   No
                               0  Not at all
                               1  Sometimes
                               2  All the time
                           (m) 9  Missing
SH111G                 Solar electricity                                242    1    N    I    1    0   No   No
                               0  No
                               1  Yes
                           (m) 9  Missing
                          (na)    Not applicable
SH126A                 Nearest government health facility for the comm  243    1    N    I    1    0   No   No
                               1  Hospital
                               2  Health center
                               3  Clinic
                               4  Outreach point
                               6  Don't know
                           (m) 9  Missing
                          (na)    NotAppl
SH126A1                Official use                                     244    3    N    I    1    0   No   No
                               1:995  
                               996    Other
                               998    DK
                           (m) 999    Missing
                          (na)        NotAppl
SH126B                 Means of transportation to health facility       247    1    N    I    1    0   No   No
                               1  Car/motorcycle
                               2  Public transport
                               3  Animal/animal cart
                               4  Walking
                               6  Other
                           (m) 9  Missing
                          (na)    NotAppl
SH126C                 Time to get to health facility                   248    4    N    I    1    0   No   No
                               1000       Minutes
                               1001:1995  
                               2000       Hours
                               2001:2995  
                               3000       Days
                               3001:3995  
                           (m) 9999       Missing
                          (na)            Notappl
SH126E                 Name of nearest hospital                         252    3    N    I    1    0   No   No
                               1:995  
                               996    Other
                               998    Don't know
                           (m) 999    Missing
                          (na)        NotAppl
SH126F                 Means of transportation to hospital              255    1    N    I    1    0   No   No
                               1  Car/motorcycle
                               2  Public transport
                               3  Animal/animal cart
                               4  Walking
                               6  Other
                           (m) 9  Missing
                          (na)    NotAppl
SH126G                 Time to get to hospital                          256    4    N    I    1    0   No   No
                               1000       Minutes
                               1001:1995  
                               2000       Hours
                               2001:2995  
                               3000       Days
                               3001:3995  
                           (m) 9999       Missing
                          (na)            Notappl
SH126H                 Anyone in HH stayed overnight in health facilit  260    1    N    I    1    0   No   No
                               0  No
                               1  Yes
                               8  Don't know
                           (m) 9  Missing
                          (na)    NotAppl
SH138                  Anyone sprayed the interior walls of your dwell  261    1    N    I    1    0   No   No
                               0  No
                               1  Yes
                               8  DK
                           (m) 9  Missing
                          (na)    NotAppl
SH139                  Number of month house spraying                   262    2    N    I    1    0   No   No
                               0:95  
                           (m) 99    Missing
                          (na)       NotAppl
SH140                  Person, who sprayed the house                    264    1    N    I    1    0   No   No
                               1  Government worker/ program
                               2  Private company
                               3  Household member
                               6  Other
                               8  DK
                           (m) 9  Missing
                          (na)    NotAppl
SH141                  Reason house has not been sprayed                265    1    N    I    1    0   No   No
                               1  No one at home
                               2  Do not want spraying
                               3  Do not need spraying
                               4  No one came to spray
                               6  Other
                               7  Don't know about spraying
                               8  DK
                           (m) 9  Missing
                          (na)    NotAppl
SH143                  Source of salt                                   266    1    N    I    1    0   No   No
                               1  Shop/supermarket
                               2  Open market
                               3  Salt pan
                               4  Other
                               8  DK
                           (m) 9  Missing
                          (na)    NotAppl
HVIDX                  Line number                                      267    2    N    I   33    0   No   No
                               1:90  
HV101                  Relationship to head                             333    2    N    I   33    0   No   No
                               1   Head
                               2   Wife or husband
                               3   Son/daughter
                               4   Son/daughter-in-law
                               5   Grandchild
                               6   Parent
                               7   Parent-in-law
                               8   Brother/sister
                               9   Co-spouse
                               10  Other relative
                               11  Adopted/foster child
                               12  Not related
                               13  Niece/nephew by blood
                               14  Niece/nephew by marriage
                               98  DK
                           (m) 99  Missing
HV102                  Usual resident                                   399    1    N    I   33    0   No   No
                               0  No
                               1  Yes
                           (m) 9  Missing
HV103                  Slept last night                                 432    1    N    I   33    0   No   No
                               0  No
                               1  Yes
                           (m) 9  Missing
HV104                  Sex of household member                          465    1    N    I   33    0   No   No
                               1  Male
                               2  Female
                           (m) 9  Missing
HV105                  Age of household members                         498    2    N    I   33    0   No   No
                               0:95  
                               96    96+
                               98    DK
                           (m) 99    Missing
HV106                  Highest educational level                        564    1    N    I   33    0   No   No
                               0  No education, preschool
                               1  Primary
                               2  Secondary
                               3  Higher
                               8  DK
                           (m) 9  Missing
HV107                  Highest year of education                        597    2    N    I   33    0   No   No
                               0:20  
                               98    DK
                           (m) 99    Missing
                          (na)       NotAppl
HV108                  Education in single years                        663    2    N    I   33    0   No   No
                               0:20  
                               97    Inconsistent
                               98    DK
                           (m) 99    Missing
HV109                  Educational attainment                           729    1    N    I   33    0   No   No
                               0  No education
                               1  Incomplete primary
                               2  Complete primary
                               3  Incomplete secondary
                               4  Complete secondary
                               5  Higher
                               8  DK
                           (m) 9  Missing
HV110                  NA - Member still in school                      762    1    N    I   33    0   No   No
                               0  No
                               1  Yes
                           (m) 9  Missing
HV111                  Mother alive                                     795    1    N    I   33    0   No   No
                               0  No
                               1  Yes
                               8  DK
                           (m) 9  Missing
                          (na)    NotAppl
HV112                  Mother's line number                             828    2    N    I   33    0   No   No
                               0     Mother not in HH
                               1:90  
                           (m) 99    Missing
                          (na)       NotAppl
HV113                  Father alive                                     894    1    N    I   33    0   No   No
                               0  No
                               1  Yes
                               8  DK
                           (m) 9  Missing
                          (na)    NotAppl
HV114                  Father's line number                             927    2    N    I   33    0   No   No
                               0     Father not in HH
                               1:90  
                           (m) 99    Missing
                          (na)       NotAppl
HV115                  Current marital status                           993    1    N    I   33    0   No   No
                               0  Never married
                               1  Married
                               2  Living together
                               3  Widowed
                               4  Divorced
                               5  Not living together
                           (m) 9  Missing
                          (na)    NotAppl
HV116                  Currently, formerly, never m.                   1026    1    N    I   33    0   No   No
                               0  Never married
                               1  Currently married
                               2  Formerly/ever marr.
                           (m) 9  Missing
                          (na)    NotAppl
HV117                  Eligibility for female interview                1059    1    N    I   33    0   No   No
                               0  Not eligible
                               1  Eligible
                          (na)    NotAppl
HV118                  Eligibility for male interview                  1092    1    N    I   33    0   No   No
                               0  Not eligible
                               1  Eligible
                          (na)    NotAppl
HV120                  Children eligibility for height/weight and hemo 1125    1    N    I   33    0   No   No
                               0  Not eligible
                               1  Eligible
                          (na)    NotAppl
HV121                  Member attended school during current school ye 1158    1    N    I   33    0   No   No
                               0  No
                               1  Currently attending
                               2  Attended at some time
                           (m) 9  Missing
                          (na)    NotAppl
HV122                  Educational level during current school year    1191    1    N    I   33    0   No   No
                               0  No education, preschool
                               1  Primary
                               2  Secondary
                               3  Higher
                               8  DK
                           (m) 9  Missing
HV123                  Grade of education during current school year   1224    2    N    I   33    0   No   No
                               0:20  
                               98    DK
                           (m) 99    Missing
                          (na)       NotAppl
HV124                  Education in single years - current school year 1290    2    N    I   33    0   No   No
                               0:20  
                               97    Inconsistent
                               98    DK
                           (m) 99    Missing
HV125                  Member attended school during previous school y 1356    1    N    I   33    0   No   No
                               0  No
                               1  Yes
                           (m) 9  Missing
HV126                  Educational level during previous school year   1389    1    N    I   33    0   No   No
                               0  No education, preschool
                               1  Primary
                               2  Secondary
                               3  Higher
                               8  DK
                           (m) 9  Missing
HV127                  Grade of education during previous school year  1422    2    N    I   33    0   No   No
                               0:20  
                               98    DK
                           (m) 99    Missing
                          (na)       NotAppl
HV128                  Education in single years - previous school yea 1488    2    N    I   33    0   No   No
                               0:20  
                               97    Inconsistent
                               98    DK
                           (m) 99    Missing
HV129                  School attendance status                        1554    1    N    I   33    0   No   No
                               0  Never attended
                               1  Entered school
                               2  Advanced
                               3  Repeating
                               4  Dropout
                               5  Left school 2+ years ago
                               8  DK
                           (m) 9  Missing
                          (na)    NotAppl
HV130                  Member has been very sick for 3+ months last ye 1587    1    N    I   33    0   No   No
                               0  No
                               1  Yes
                               8  DK
                           (m) 9  Missing
                          (na)    NotAppl
HV131                  Mother has been very sick for 3+ months last ye 1620    1    N    I   33    0   No   No
                               0  No
                               1  Yes
                               8  DK
                           (m) 9  Missing
                          (na)    NotAppl
HV132                  Father has been very sick for 3+ months last ye 1653    1    N    I   33    0   No   No
                               0  No
                               1  Yes
                               8  DK
                           (m) 9  Missing
                          (na)    NotAppl
HV133                  Mother/father dead or been very sick for 3+ mon 1686    1    N    I   33    0   No   No
                               0  No
                               1  Yes
                           (m) 9  Missing
                          (na)    NotAppl
HV134                  Both parents alive                              1719    1    N    I   33    0   No   No
                               0  No
                               1  Yes
                           (m) 9  Missing
                          (na)    NotAppl
HV135                  Has brothers/sisters under 18 of the same fathe 1752    1    N    I   33    0   No   No
                               0  No
                               1  Yes
                               8  DK
                           (m) 9  Missing
                          (na)    NotAppl
HV136                  Brothers/sisters under 18 that don't live in ho 1785    1    N    I   33    0   No   No
                               0  No
                               1  Yes
                           (m) 9  Missing
                          (na)    NotAppl
HV137                  Member has a blanket                            1818    1    N    I   33    0   No   No
                               0  No
                               1  Yes
                               8  DK
                           (m) 9  Missing
                          (na)    NotAppl
HV138                  Member has a pair of shoes                      1851    1    N    I   33    0   No   No
                               0  No
                               1  Yes
                               8  DK
                           (m) 9  Missing
                          (na)    NotAppl
HV139                  Member has 2+ sets of clothes                   1884    1    N    I   33    0   No   No
                               0  No
                               1  Yes
                               8  DK
                           (m) 9  Missing
                          (na)    NotAppl
HV140                  Member has a birth certificate                  1917    1    N    I   33    0   No   No
                               0  Neither certificate or registered
                               1  Has certificate
                               2  Registered
                               8  DK
                           (m) 9  Missing
                          (na)    NotAppl
HA0                    Index to household schedule                     1950    2    N    I   10    0   No   No
                               1:90  
HA1                    Women's age in years                            1970    2    N    I   10    0   No   No
                               15:49  
HA2                    Respondent's weight (kilos-1d)                  1990    4    N    I   10    0   No   No
                           (m) 9999  Missing
                          (na)       NotAppl
HA3                    Respondent's height (cms-1d)                    2030    4    N    I   10    0   No   No
                           (m) 9999  Missing
                          (na)       NotAppl
HA4                    Ht/A Percentile (resp.)                         2070    4    N    I   10    0   No   No
                               9998  Flagged cases
                           (m) 9999  Missing
                          (na)       NotAppl
HA5                    Ht/A Standard deviations (resp                  2110    4    N    I   10    0   No   No
                               9998  Flagged cases
                           (m) 9999  Missing
                          (na)       NotAppl
HA6                    Ht/A Percent ref. median (resp                  2150    5    N    I   10    0   No   No
                               99998  Flagged cases
                           (m) 99999  Missing
                          (na)        NotAppl
HA11                   Wt/Ht Std deviations(resp) DHS                  2200    4    N    I   10    0   No   No
                               9998  Flagged cases
                           (m) 9999  Missing
                          (na)       NotAppl
HA12                   Wt/Ht Percent ref. median (DHS                  2240    5    N    I   10    0   No   No
                               99998  Flagged cases
                           (m) 99999  Missing
                          (na)        NotAppl
HA12A                  Wt/Ht Percent ref. median (Fog                  2290    5    N    I   10    0   No   No
                               99998  Flagged cases
                           (m) 99999  Missing
                          (na)        NotAppl
HA12B                  Wt/Ht Percent ref. median (WHO                  2340    5    N    I   10    0   No   No
                               99998  Flagged cases
                           (m) 99999  Missing
                          (na)        NotAppl
HA13                   Result of measurement of resp.                  2390    1    N    I   10    0   No   No
                               0  Measured
                               3  Not present
                               4  Refused
                               6  Other
                           (m) 9  Missing
HA32                   Date of birth (cmc)                             2400    4    N    I   10    0   No   No
HA33                   Completeness of information                     2440    1    N    I   10    0   No   No
                               1  Month and year
                               2  Month and age
                               3  Year and age
                               4  Year
                               5  
                               6  Age
                               7  Month
                               8  None
                          (na)    NotAppl
HA35                   Smoking                                         2450    2    N    I   10    0   No   No
                               0     Doesn't smoke
                               1:79  
                               80    80+
                               94    Smokes pipes, cigars, etc
                           (m) 99    Missing
                          (na)       Not applicable
HA40                   Body mass index for respondent                  2470    4    N    I   10    0   No   No
                               9998  Flagged cases
                           (m) 9999  Missing
                          (na)       NotAppl
HA41                   Rohrer's index for respondent                   2510    4    N    I   10    0   No   No
                               9998  Flagged cases
                           (m) 9999  Missing
                          (na)       NotAppl
HA50                   NA - Under age 18                               2550    1    N    I   10    0   No   No
                               1  Under age 18
                               2  Age 18 or older
                           (m) 9  Missing
                          (na)    NotAppl
HA51                   NA - Line no. of parent/caretaker               2560    2    N    I   10    0   No   No
                               0     Not in household
                               1:50  
                          (na)       NotAppl
HA52                   NA - Read consent statement                     2580    1    N    I   10    0   No   No
                               1  Granted
                               2  Parent/Other responsible refused
                               3  Respondent refused
                           (m) 9  Missing
                          (na)    NotAppl
HA53                   NA - Hemoglobin level (g/dl - 1 decimal)        2590    3    N    I   10    0   No   No
                           (m) 999  Missing
                          (na)      NotAppl
HA54                   NA - Currently pregnant                         2620    1    N    I   10    0   No   No
                               0  No/don't know
                               1  Yes
                           (m) 9  Missing
                          (na)    NotAppl
HA55                   NA - Result of measuring (Hemoglobin)           2630    1    N    I   10    0   No   No
                               0    Measured
                               1:2  
                               3    Not present
                               4    Refused
                               5    
                               6    Other
                           (m) 9    Missing
                          (na)      NotAppl
HA56                   NA - Hemoglobin level adjusted by altitude (g/d 2640    3    N    I   10    0   No   No
                           (m) 999  Missing
                          (na)      NotAppl
HA57                   NA - Anemia level                               2670    1    N    I   10    0   No   No
                               1  Severe
                               2  Moderate
                               3  Mild
                               4  Not anemic
                           (m) 9  Missing
                          (na)    NotAppl
HA58                   NA - Agrees to referral                         2680    1    N    I   10    0   No   No
                               0  No
                               1  Yes
                           (m) 9  Missing
                          (na)    NotAppl
HA60                   NA - Marital status                             2690    1    N    I   10    0   No   No
                               1  Never in union
                               2  Other
                          (na)    Not applicable
HA61                   NA - Read consent statement (HIV)               2700    1    N    I   10    0   No   No
                               1  Granted
                               2  Parent/Other responsible refused
                               3  Respondent refused
                           (m) 9  Missing
                          (na)    Not applicable
HA62                   NA - Blood sample ID number                     2710    5   AN    I   10    0   No   No
HA63                   NA - Result of measuring (HIV)                  2760    1    N    I   10    0   No   No
                               1  Blood taken
                               2  Not present
                               3  Refused
                               6  Other
                           (m) 9  Missing
                          (na)    Not applicable
HA64                   NA - Consent for additional tests               2770    1    N    I   10    0   No   No
                               1  Granted
                               2  Parent/Other responsible refused
                               3  Respondent refused
                           (m) 9  Missing
                          (na)    Not applicable
HA65                   Result of woman individual interview            2780    1    N    I   10    0   No   No
                               1  Completed
                               2  Not at home
                               3  Postponed
                               4  Refused
                               5  Partly completed
                               6  Incapacitated
                               7  Other
                          (na)    Not applicable
HA66                   Woman's highest educational level               2790    1    N    I   10    0   No   No
                               0  No education
                               1  Primary
                               2  Secondary
                               3  Higher
                           (m) 9  Missing
HA67                   Woman's highest year of education               2800    2    N    I   10    0   No   No
                           (m) 99  Missing
                          (na)     NotAppl
HA68                   Highest educational level (CS for preliminary & 2820    1    N    I   10    0   No   No
                               0  No education
                               1  Primary
                               2  Secondary
                               3  Higher
                           (m) 9  Missing
                          (na)    Not applicable
HA69                   NA - HIV weight (6 decimals)                    2830    8    N    I   10    0   No   No
HC0                    Index to household schedule                     2910    2    N    I    7    0   No   No
                               1:90  
HC1                    Age in months                                   2924    2    N    I    7    0   No   No
HC2                    Weight in kilograms (1 dec.)                    2938    4    N    I    7    0   No   No
                           (m) 9999  Missing
                          (na)       NotAppl
HC3                    Height in centimeters (1 dec.)                  2966    4    N    I    7    0   No   No
                           (m) 9999  Missing
                          (na)       NotAppl
HC4                    Ht/A Percentile                                 2994    4    N    I    7    0   No   No
                               9998  Flagged cases
                           (m) 9999  Missing
                          (na)       NotAppl
HC5                    Ht/A Standard deviations                        3022    4    N    I    7    0   No   No
                               9998  Flagged cases
                           (m) 9999  Missing
                          (na)       NotAppl
HC6                    Ht/A Percent of ref. median                     3050    5    N    I    7    0   No   No
                               99998  Flagged cases
                           (m) 99999  Missing
                          (na)        NotAppl
HC7                    Wt/A Percentile                                 3085    4    N    I    7    0   No   No
                               9998  Flagged cases
                           (m) 9999  Missing
                          (na)       NotAppl
HC8                    Wt/A Standard deviations                        3113    4    N    I    7    0   No   No
                               9998  Flagged cases
                           (m) 9999  Missing
                          (na)       NotAppl
HC9                    Wt/A Percent of ref. median                     3141    5    N    I    7    0   No   No
                               99998  Flagged cases
                           (m) 99999  Missing
                          (na)        NotAppl
HC10                   Wt/Ht Percentile                                3176    4    N    I    7    0   No   No
                               9998  Flagged cases
                           (m) 9999  Missing
                          (na)       NotAppl
HC11                   Wt/Ht Standard deviations                       3204    4    N    I    7    0   No   No
                               9998  Flagged cases
                           (m) 9999  Missing
                          (na)       NotAppl
HC12                   Wt/Ht Percent of ref. median                    3232    5    N    I    7    0   No   No
                               99998  Flagged cases
                           (m) 99999  Missing
                          (na)        NotAppl
HC13                   Reason not measured                             3267    1    N    I    7    0   No   No
                               0    Measured
                               1:2  
                               3    Not present
                               4    Refused
                               5    
                               6    Other
                           (m) 9    Missing
HC15                   Height: lying or standing                       3274    1    N    I    7    0   No   No
                               1  Lying
                               2  Standing
                           (m) 9  Missing
                          (na)    NotAppl
HC16                   Day of birth of child                           3281    2    N    I    7    0   No   No
                               1:31   
                               97:98  
                           (m) 99     Missing
HC17                   Date measured (day)                             3295    2    N    I    7    0   No   No
                               1:31  
                          (na)       NotAppl
HC18                   Date measured (month)                           3309    2    N    I    7    0   No   No
                               1:12  
                          (na)       NotAppl
HC19                   Date measured (year)                            3323    4    N    I    7    0   No   No
                               2006:2007  
                          (na)            NotAppl
HC27                   Sex                                             3351    1    N    I    7    0   No   No
                               1  Male
                               2  Female
                           (m) 9  Missing
HC30                   Month of birth of child                         3358    2    N    I    7    0   No   No
                               1:12  
                               97    Inconsistent
                               98    DK
                           (m) 99    Missing
                          (na)       NotAppl
HC31                   Year of birth of child                          3372    4    N    I    7    0   No   No
                               2001:2007  
                               9997       Inconsistent
                               9998       DK
                           (m) 9999       Missing
                          (na)            NotAppl
HC32                   Date of birth (cmc)                             3400    4    N    I    7    0   No   No
HC33                   Completeness of information                     3428    1    N    I    7    0   No   No
                               1  Month and year
                               2  Month and age
                               3  Year and age
                               4  Year
                               5  
                               6  Age
                               7  Month
                               8  None
                          (na)    NotAppl
HC51                   NA - Line no. of parent/caretaker               3435    2    N    I    7    0   No   No
                               0     Not in household
                               1:50  
                          (na)       NotAppl
HC52                   NA - Read consent statement                     3449    1    N    I    7    0   No   No
                               1  Granted
                               2  Refused
                           (m) 9  Missing
                          (na)    NotAppl
HC53                   NA - Hemoglobin level (g/dl - 1 decimal)        3456    3    N    I    7    0   No   No
                           (m) 999  Missing
                          (na)      NotAppl
HC55                   NA - Result of measuring (Hemoglobin)           3477    1    N    I    7    0   No   No
                               0    Measured
                               1:2  
                               3    Not present
                               4    Refused
                               5    
                               6    Other
                           (m) 9    Missing
                          (na)      NotAppl
HC56                   NA - Hemoglobin level adjusted by altitude (g/d 3484    3    N    I    7    0   No   No
                           (m) 999  Missing
                          (na)      NotAppl
HC57                   NA - Anemia level                               3505    1    N    I    7    0   No   No
                               1  Severe
                               2  Moderate
                               3  Mild
                               4  Not anemic
                           (m) 9  Missing
                          (na)    NotAppl
HC58                   NA - Agrees to referral                         3512    1    N    I    7    0   No   No
                               0  No
                               1  Yes
                           (m) 9  Missing
HC60                   Mother's line number from woman's questionnaire 3519    3    N    I    7    0   No   No
                               1:50  
                               993   Mother not de facto
                               994   Incomplete woman's interview
                               995   Not in household
                          (na)       NotAppl
HC61                   Mother's highest educational level              3540    1    N    I    7    0   No   No
                               0  No education
                               1  Primary
                               2  Secondary
                               3  Higher
                           (m) 9  Missing
HC62                   Mother's highest year of education              3547    2    N    I    7    0   No   No
                           (m) 99  Missing
                          (na)     NotAppl
HC63                   Preceding birth interval                        3561    3    N    I    7    0   No   No
                           (m) 999  Missing
                          (na)      NotAppl
HC64                   Birth order number                              3582    2    N    I    7    0   No   No
                               1:20  
                           (m) 99    Missing
HC68                   Highest educational level (CS for preliminary & 3596    1    N    I    7    0   No   No
                               0  No education
                               1  Primary
                               2  Secondary
                               3  Higher
                           (m) 9  Missing
                          (na)    Not applicable
HC70                   Ht/A Standard deviations (according to WHO)     3603    4    N    I    7    0   No   No
                               -600:600  
                               9996      Height out of plausible limits
                               9997      Age in days out of plausible limits
                               9998      Flagged cases
                           (m) 9999      Missing
                          (na)           NotAppl
HC71                   Wt/A Standard deviations (according to WHO)     3631    4    N    I    7    0   No   No
                               -600:600  
                               9996      Height out of plausible limits
                               9997      Age in days out of plausible limits
                               9998      Flagged cases
                           (m) 9999      Missing
                          (na)           NotAppl
HC72                   Wt/Ht Standard deviations (according to WHO)    3659    4    N    I    7    0   No   No
                               -600:600  
                               9996      Height out of plausible limits
                               9997      Age in days out of plausible limits
                               9998      Flagged cases
                           (m) 9999      Missing
                          (na)           NotAppl
HC73                   BMI Standard deviations (according to WHO)      3687    4    N    I    7    0   No   No
                               -600:600  
                               9996      Height out of plausible limits
                               9997      Age in days out of plausible limits
                               9998      Flagged cases
                           (m) 9999      Missing
                          (na)           NotAppl
HMLIDX                 Net number                                      3715    2    N    I    7    0   No   No
HML3                   Net observed                                    3729    1    N    I    7    0   No   No
                               0  Not seen
                               1  Yes, seen
                           (m) 9  Missing
                          (na)    NotAppl
HML4                   Months ago obtained mosquito net                3736    2    N    I    7    0   No   No
                               0:36  
                               96    More than 3 years ago
                               98    Don't know
                           (m) 99    Missing
                          (na)       NotAppl
HML5                   Was net treated with insecticide when bought    3750    1    N    I    7    0   No   No
                               0  No
                               1  Yes
                               8  Not sure
                           (m) 9  Missing
                          (na)    NotAppl
HML6                   Mosquito net treated with insecticide           3757    1    N    I    7    0   No   No
                               0  Not pretreated
                               1  Pretreated, permanent tx
                               2  Pretreated, requiring future tx
                               3  Not pretreated, came with kit and treated at home
                               4  Pretreated, treatment type not known
                               6  Other
                               8  Don't know
                           (m) 9  Missing
                          (na)    NotAppl
HML7                   Brand of bednet                                 3764    2    N    I    7    0   No   No
                               11  Olyset net
                               12  Yorkool
                               13  Supa net plus
                               16  Other/DK brand
                               31  Other
                               98  DK Brand
                           (m) 99  Missing
                          (na)     Not applicable
HML8                   Bednet treated since receiving                  3778    1    N    I    7    0   No   No
                               0  No
                               1  Yes
                               2  Permanent net
                               8  Not sure
                           (m) 9  Missing
                          (na)    NotAppl
HML9                   Months ago re-treated                           3785    2    N    I    7    0   No   No
                               0:24  
                               95    More than 2 years ago
                               98    Don't know
                           (m) 99    Missing
                          (na)       NotAppl
HML10                  ITN net                                         3799    1    N    I    7    0   No   No
                               0  No, don't know
                               1  Yes
                           (m) 9  Missing
                          (na)    NotAppl
HML11                  Number of persons who slept under this net      3806    1    N    I    7    0   No   No
                               0:4  
                               5    5+
                           (m) 9    Missing
                          (na)      NotAppl
HML21                  Did someone sleep under bednet last night       3813    1    N    I    7    0   No   No
                               0  No
                               1  Yes
                               8  DK
                           (m) 9  Missing
                          (na)    Not applicable
HMLA                   Person who slept in mosquito net                3820    2    N    I    7    0   No   No
                               0     No one
                               1:50  
                           (m) 99    Missing
                          (na)       NotAppl
HMLB                   Person who slept in mosquito net                3834    2    N    I    7    0   No   No
                               1:50  
                           (m) 99    Missing
                          (na)       NotAppl
HMLC                   Person who slept in mosquito net                3848    2    N    I    7    0   No   No
                               1:50  
                           (m) 99    Missing
                          (na)       NotAppl
HMLD                   Person who slept in mosquito net                3862    2    N    I    7    0   No   No
                               1:50  
                          (na)       NotAppl
HMLE                   NA - Person who slept in mosquito net           3876    2    N    I    7    0   No   No
                               1:50  
                          (na)       NotAppl
HMHIDX                 Index to household schedule                     3890    2    N    I   33    0   No   No
                               1:90  
HML12                  Type of bednet(s) person slept under last night 3956    1    N    I   33    0   No   No
                               0  No bednet
                               1  Only treated bednets
                               2  Both treated and untreated bednets
                               3  Only untreated bednets
                           (m) 9  Missing
                          (na)    NotAppl
HML13                  1st net number for net person slept under last  3989    1    N    I   33    0   No   No
                               0    Did not sleep under net
                               1:7  
                          (na)      NotAppl
HML14                  2nd net number for net person slept under last  4022    1    N    I   33    0   No   No
                               1:7  
                          (na)      NotAppl
HML15                  NA - 3rd net number for net person slept under  4055    1    N    I   33    0   No   No
                               1:6  
                          (na)      NotAppl
HML16                  Corrected age from individual questionnaire     4088    2    N    I   33    0   No   No
                               0:96  
                               97    97+
                               98    DK
                           (m) 99    Missing
HML17                  Flag for AH07 age from individual file          4154    1    N    I   33    0   No   No
                               0  No data from individual questionnaire
                               1  Month and year
                               2  Month and age -y imp
                               3  Year and age - m imp
                               4  Y & age - y ignored
                               5  Year - a, m imp
                               6  Age - y, m imp
                               7  Month - a, y imp
                               8  None - all imp
                          (na)    NotAppl
HML18                  Pregnancy from individual questionnaire         4187    1    N    I   33    0   No   No
                               0  Not pregnant, don't know
                               1  Pregnant
                           (m) 9  Missing
                          (na)    NotAppl
HML19                  Person sleep under an ever treated bednet       4220    1    N    I   33    0   No   No
                               0  No
                               1  Yes
HSKIDX                 Index to household schedule                     4253    2    N    I    6    0   No   No
                               1:90  
HS100                  Free medical support last 12 months             4265    1    N    I    6    0   No   No
                               0  No
                               1  Yes
                               8  DK
                           (m) 9  Missing
                          (na)    Not applicable
HS101                  Medical support at least once a month           4271    1    N    I    6    0   No   No
                               0  No
                               1  Yes
                               8  DK
                           (m) 9  Missing
                          (na)    Not applicable
HS102                  Free emotional support last 12 months           4277    1    N    I    6    0   No   No
                               0  No
                               1  Yes
                               8  DK
                           (m) 9  Missing
                          (na)    Not applicable
HS103                  Emotional support last 30 days                  4283    1    N    I    6    0   No   No
                               0  No
                               1  Yes
                               8  DK
                           (m) 9  Missing
                          (na)    Not applicable
HS104                  Free material support last 12 months            4289    1    N    I    6    0   No   No
                               0  No
                               1  Yes
                               8  DK
                           (m) 9  Missing
                          (na)    Not applicable
HS105                  Material support last 30 days                   4295    1    N    I    6    0   No   No
                               0  No
                               1  Yes
                               8  DK
                           (m) 9  Missing
                          (na)    Not applicable
HS106                  Free social support last 12 months              4301    1    N    I    6    0   No   No
                               0  No
                               1  Yes
                               8  DK
                           (m) 9  Missing
                          (na)    Not applicable
HS107                  Social support last 30 days                     4307    1    N    I    6    0   No   No
                               0  No
                               1  Yes
                               8  DK
                           (m) 9  Missing
                          (na)    Not applicable
HS108                  Pain last 30 days                               4313    1    N    I    6    0   No   No
                               0  Not at all
                               1  Severe
                               2  Mild
                               8  DK
                           (m) 9  Missing
                          (na)    Not applicable
HS109                  Able to reduce the pain                         4319    1    N    I    6    0   No   No
                               0  Not at all
                               1  Most of the time
                               2  Some time
                           (m) 9  Missing
                          (na)    Not applicable
HS110                  Nausea last 30 days                             4325    1    N    I    6    0   No   No
                               0  No
                               1  Yes, severe
                               2  Yes, never severe
                           (m) 9  Missing
                          (na)    Not applicable
HS111                  Able to reduce the nausea                       4331    1    N    I    6    0   No   No
                               0  Not at all
                               1  Most of the time
                               2  Some time
                           (m) 9  Missing
                          (na)    Not applicable
HDPIDX                 Column number                                   4337    1    N    I    6    0   No   No
                               1:7  
                          (na)      Not applicable
HD100                  Sex                                             4343    1    N    I    6    0   No   No
                               1  Male
                               2  Female
                           (m) 9  Missing
                          (na)    Not applicable
HD101                  Age                                             4349    2    N    I    6    0   No   No
                               0:94  
                               95    95+
                               98    Don't know
                           (m) 99    Missing
                          (na)       NotAppl
HD102                  Sick at least 3 of 12 months before death       4361    1    N    I    6    0   No   No
                               0  No
                               1  Yes
                               8  DK
                           (m) 9  Missing
                          (na)    Not applicable
HD103                  Free medical supplies last 12 months            4367    1    N    I    6    0   No   No
                               0  No
                               1  Yes
                               8  DK
                           (m) 9  Missing
                          (na)    Not applicable
HD104                  Medical support at least 1 month                4373    1    N    I    6    0   No   No
                               0  No
                               1  Yes
                               8  DK
                           (m) 9  Missing
                          (na)    Not applicable
HD105                  Emotional support last 12 months                4379    1    N    I    6    0   No   No
                               0  No
                               1  Yes
                               8  DK
                           (m) 9  Missing
                          (na)    Not applicable
HD106                  Emotional support last 30 days                  4385    1    N    I    6    0   No   No
                               0  No
                               1  Yes
                               8  DK
                           (m) 9  Missing
                          (na)    Not applicable
HD107                  Free material support last 12 months            4391    1    N    I    6    0   No   No
                               0  No
                               1  Yes
                               8  DK
                           (m) 9  Missing
                          (na)    Not applicable
HD108                  Material support last 30 days                   4397    1    N    I    6    0   No   No
                               0  No
                               1  Yes
                               8  DK
                           (m) 9  Missing
                          (na)    Not applicable
HD109                  Free social support last 12 months              4403    1    N    I    6    0   No   No
                               0  No
                               1  Yes
                               8  DK
                           (m) 9  Missing
                          (na)    Not applicable
HD110                  Social support last 30 days                     4409    1    N    I    6    0   No   No
                               0  No
                               1  Yes
                               8  DK
                           (m) 9  Missing
                          (na)    Not applicable
HD111                  Last 30 days severe pain                        4415    1    N    I    6    0   No   No
                               0  Not at all
                               1  Severe
                               2  Mild
                           (m) 9  Missing
                          (na)    Not applicable
HD112                  Able to reduce the pain                         4421    1    N    I    6    0   No   No
                               0  Not at all
                               1  Most of the time
                               2  Some time
                           (m) 9  Missing
                          (na)    Not applicable
HD113                  Nausea last 30 days                             4427    1    N    I    6    0   No   No
                               0  No
                               1  Yes, severe
                               2  Yes, never severe
                           (m) 9  Missing
                          (na)    Not applicable
HD114                  Able to reduce the nausea                       4433    1    N    I    6    0   No   No
                               0  Not at all
                               1  Most of the time
                               2  Some time
                           (m) 9  Missing
                          (na)    Not applicable
HOVIDX                 Index to household schedule                     4439    2    N    I   18    0   No   No
                               1:50  
                          (na)       Not applicable
HO100                  Age of child                                    4475    2    N    I   18    0   No   No
                               0:17  
                           (m) 99    Missing
                          (na)       Not applicable
HO101                  Free medical support last 12 months             4511    1    N    I   18    0   No   No
                               0  No
                               1  Yes
                               8  DK
                           (m) 9  Missing
                          (na)    Not applicable
HO102                  Free emotional support last 12 months           4529    1    N    I   18    0   No   No
                               0  No
                               1  Yes
                               8  DK
                           (m) 9  Missing
                          (na)    Not applicable
HO103                  Emotional support last 3 months                 4547    1    N    I   18    0   No   No
                               0  No
                               1  Yes
                               8  DK
                           (m) 9  Missing
                          (na)    Not applicable
HO104                  Free material support last 12 months            4565    1    N    I   18    0   No   No
                               0  No
                               1  Yes
                               8  DK
                           (m) 9  Missing
                          (na)    Not applicable
HO105                  Material support last 3 months                  4583    1    N    I   18    0   No   No
                               0  No
                               1  Yes
                               8  DK
                           (m) 9  Missing
                          (na)    Not applicable
HO106                  Free social support last 12 months              4601    1    N    I   18    0   No   No
                               0  No
                               1  Yes
                               8  DK
                           (m) 9  Missing
                          (na)    Not applicable
HO107                  Social support last 3 months                    4619    1    N    I   18    0   No   No
                               0  No
                               1  Yes
                               8  DK
                           (m) 9  Missing
                          (na)    Not applicable
HO108                  Free any support for schooling                  4637    1    N    I   18    0   No   No
                               0  No
                               1  Yes
                               8  DK
                           (m) 9  Missing
                          (na)    Not applicable
--------------------------------------------------------------------------------------------------------------
Relation Name         Primary               Linked by             Secondary             Linked by
--------------------------------------------------------------------------------------------------------------
