                          WHO Z-scores for height and weight at the individual level
                                                    GHHW02

                                              C:\HW-I\GHHW02.DCF
                                    Last Modified:  2/22/2008  11:24:15 AM

--------------------------------------------------------------------------------------------------------------
Level Name                    Level Label                                                  Type            Rec
  Record Name                   Record Label                                              Value  Req  Max  Len
--------------------------------------------------------------------------------------------------------------
Z_SCORES                      WHO z-score Data questionnaire
  HWREC                         HW Data record                                                   Yes    1   35
Level: WHO z-score Data questionnaire                  Record: HW Data record
--------------------------------------------------------------------------------------------------------------
                                                                                 Data Item            Dec Zero
Item Name              Item Label                                     Start  Len Type Type  Occ  Dec Char Fill
--------------------------------------------------------------------------------------------------------------
                         (record type)                                    0    0   AN    I    1    0   No   No
HWCASEID          (id) Case Identification                                1   15   AN    I    1    0   No   No
HWLINE            (id) Line                                              16    3    N    I    1    0   No   No
HWLEVEL                Data from HH or individual                        19    1    N    I    1    0   No   No
                               1  From household
                               2  From individual questionnaire
HC70                   Ht/A Standard deviations (according to WHO)       20    4    N    I    1    0   No   No
                               9996  Height out of plausible limits
                               9997  Age in days out of plausible limits
                               9998  Flagged cases
                           (m) 9999  Missing
                          (na)       NotAppl
HC71                   Wt/A Standard deviations (according to WHO)       24    4    N    I    1    0   No   No
                               9996  Height out of plausible limits
                               9997  Age in days out of plausible limits
                               9998  Flagged cases
                           (m) 9999  Missing
                          (na)       NotAppl
HC72                   Wt/Ht Standard deviations (according to WHO)      28    4    N    I    1    0   No   No
                               9996  Height out of plausible limits
                               9997  Age in days out of plausible limits
                               9998  Flagged cases
                           (m) 9999  Missing
                          (na)       NotAppl
HC73                   BMI Standard deviations (according to WHO)        32    4    N    I    1    0   No   No
                               9996  Height out of plausible limits
                               9997  Age in days out of plausible limits
                               9998  Flagged cases
                           (m) 9999  Missing
                          (na)       NotAppl
--------------------------------------------------------------------------------------------------------------
Relation Name         Primary               Linked by             Secondary             Linked by
--------------------------------------------------------------------------------------------------------------
