                                                   LBFW7AFL                                                   
                                                LBFW7AFL_DICT                                                 

                                        LBFW7AFL.DCF                                                          
                                    Last Modified:  3/29/2021  2:30:45 PM                                     

--------------------------------------------------------------------------------------------------------------
Level Name                    Level Label                                                  Type            Rec
  Record Name                   Record Label                                              Value  Req  Max  Len
--------------------------------------------------------------------------------------------------------------
LEVEL_1                       Level 1                                                                         
  FWRECORD                      Fieldworker record                                               Yes    1   51
Level: Level 1                                         Record: Fieldworker record
--------------------------------------------------------------------------------------------------------------
                                                                                 Data Item            Dec Zero
Item Name              Item Label                                     Start  Len Type Type  Occ  Dec Char Fill
--------------------------------------------------------------------------------------------------------------
FW101             (id) Fieldworker code                                   1    4    N    I    1    0   No   No
                         (record type)                                    0    0   AN    I    1    0   No   No
FW000                  Country code and phase                             5    3   AN    I    1    0   No   No
FW102                  In what county do you live                         8    2    N    I    1    0   No   No
                               1   Bomi
                               2   Bong
                               3   Gbarpolu
                               4   Grand bassa
                               5   Grand cape mount
                               6   Grand gedeh
                               7   Grand kru
                               8   Lofa
                               9   Margibi
                               10  Maryland
                               11  Montserrado
                               12  Nimba
                               13  River cess
                               14  River gee
                               15  Sinoe
FW103                  Type of place of residence                        10    1    N    I    1    0   No   No
                               1  City
                               2  Town
                               3  Rural
FW104                  How old are you                                   11    2    N    I    1    0   No   No
                               15:65  
FW105                  Are you male or female                            13    1    N    I    1    0   No   No
                               1  Male
                               2  Female
FW106                  Marital status                                    14    1    N    I    1    0   No   No
                               1  Currently married
                               2  Living with a man/woman
                               3  Widowed
                               4  Divorced
                               5  Separated
                               6  Never married or lived with a man/woman
FW107                  How many living children do you have              15    2    N    I    1    0   No   No
                               0:24  
FW108                  Ever had a child who died                         17    1    N    I    1    0   No   No
                               1  Yes
                               2  No
FW109                  Highest level of school attended                  18    1    N    I    1    0   No   No
                               1  Elementary (1-6)
                               2  Junior high (7-9)
                               3  Senior high (10-12)
                               4  Higher
FW110                  Highest grade completed at that level             19    2    N    I    1    0   No   No
                               0     Less than one year at level
                               1:15  
FW111                  What is your religion                             21    2    N    I    1    0   No   No
                               1  Christian
                               2  Muslim
                               3  Traditional religion
                               4  No religion
                               6  Other
FW112                  Fieldworker ethnicity                             23    3    N    I    1    0   No   No
                               1    Bassa
                               2    Belle
                               3    Dey
                               4    Gbandi
                               5    Gio
                               6    Gola
                               7    Grebo
                               8    Kissi
                               9    Kpelle
                               10   Krahn
                               11   Kru
                               12   Loma
                               13   Mandingo
                               14   Mano
                               15   Mende
                               16   Sapro
                               17   Vai
                          (na)      Not applicable
FW113A                 Bassa                                             26    1   AN    I    1    0   No   No
                               A  Bassa
FW113B                 Gbandi                                            27    1   AN    I    1    0   No   No
                               B  Gbandi
FW113C                 Belle                                             28    1   AN    I    1    0   No   No
                               C  Belle
FW113D                 Dey                                               29    1   AN    I    1    0   No   No
                               D  Dey
FW113E                 Gio                                               30    1   AN    I    1    0   No   No
                               E  Gio
FW113F                 Gola                                              31    1   AN    I    1    0   No   No
                               F  Gola
FW113G                 Grebo                                             32    1   AN    I    1    0   No   No
                               G  Grebo
FW113H                 Kissi                                             33    1   AN    I    1    0   No   No
                               H  Kissi
FW113I                 Kpelle                                            34    1   AN    I    1    0   No   No
                               I  Kpelle
FW113J                 Krahn                                             35    1   AN    I    1    0   No   No
                               J  Krahn
FW113K                 Kru                                               36    1   AN    I    1    0   No   No
                               K  Kru
FW113L                 Lorma                                             37    1   AN    I    1    0   No   No
                               L  Lorma
FW113M                 Mandingo                                          38    1   AN    I    1    0   No   No
                               M  Mandingo
FW1Q3N                 Mano                                              39    1   AN    I    1    0   No   No
                               N  Mano
FW113O                 Mende                                             40    1   AN    I    1    0   No   No
                               O  Mende
FW113P                 Sapro                                             41    1   AN    I    1    0   No   No
                               P  Sapro
FW113Q                 Vai                                               42    1   AN    I    1    0   No   No
                               Q  Vai
FW113R                 None/only english                                 43    1   AN    I    1    0   No   No
                               R  None/only English
FW113X                 Other                                             44    1   AN    I    1    0   No   No
                               X  Other
FW114                  Fieldworker's mother tongue/native language       45    2    N    I    1    0   No   No
                               1   Bassa
                               2   Gbandi
                               3   Belle
                               4   Dey
                               5   Gio
                               6   Gola
                               7   Grebo
                               8   Kissi
                               9   Kpelle
                               10  Krahn
                               11  Kru
                               12  Lorma
                               13  Mandingo
                               14  Mano
                               15  Mende
                               16  Sapro
                               17  Vai
                               18  English
                               96  Other
                          (na)     Not applicable
FW115A                 Ever worked on a LDHS prior to this survey        47    1    N    I    1    0   No   No
                               1  Yes
                               2  No
FW115B                 Ever worked on a LMIS prior to this survey        48    1    N    I    1    0   No   No
                               1  Yes
                               2  No
FW115C                 Ever worked on any other survey prior to this s   49    1    N    I    1    0   No   No
                               1  Yes
                               2  No
FW116                  Were you already working for LISGIS or MOH when   50    1    N    I    1    0   No   No
                               1  Yes, LISGIS
                               2  Yees, MOH
                               3  NO
FW117                  Are you a permanent or temporary employee of LI   51    1    N    I    1    0   No   No
                               1  Permanent
                               2  Temporary
                               3  Not permanent nor temporary
--------------------------------------------------------------------------------------------------------------
Relation Name         Primary               Linked by             Secondary             Linked by
--------------------------------------------------------------------------------------------------------------
